
> open-time-tracker@1.0.0-alpha.4 test
> ng test --watch=false --browsers=ChromeHeadless

[33m❯[39m Building...
[32m✔[39m Building...
[1mInitial chunk files[22m                                                          [2m | [22m[1mNames[22m                                                                     [2m | [22m [1mRaw size[22m
[32mchunk-I6WDRD3F.js[39m                                                            [2m | [22m[2m-[22m                                                                         [2m | [22m  [36m2.03 MB[39m[2m | [22m
[32mpolyfills.js[39m                                                                 [2m | [22m[2mpolyfills[22m                                                                 [2m | [22m[36m998.98 kB[39m[2m | [22m
[32mchunk-2A2T3C7P.js[39m                                                            [2m | [22m[2m-[22m                                                                         [2m | [22m[36m481.96 kB[39m[2m | [22m
[32mchunk-FYDUSMDD.js[39m                                                            [2m | [22m[2m-[22m                                                                         [2m | [22m[36m411.62 kB[39m[2m | [22m
[32mspec-app-pages-open-tasks-open-tasks.spec.js[39m                                 [2m | [22m[2mspec-app-pages-open-tasks-open-tasks.spec[22m                                 [2m | [22m[36m201.86 kB[39m[2m | [22m
[32mchunk-W63L4BA2.js[39m                                                            [2m | [22m[2m-[22m                                                                         [2m | [22m[36m166.52 kB[39m[2m | [22m
[32mchunk-XRXRZZVY.js[39m                                                            [2m | [22m[2m-[22m                                                                         [2m | [22m[36m160.60 kB[39m[2m | [22m
[32mchunk-NOJXU5DZ.js[39m                                                            [2m | [22m[2m-[22m                                                                         [2m | [22m[36m155.69 kB[39m[2m | [22m
[32mchunk-ATEKNFB3.js[39m                                                            [2m | [22m[2m-[22m                                                                         [2m | [22m[36m148.80 kB[39m[2m | [22m
[32mspec-app-pages-open-settings-updates-open-settings-updates.spec.js[39m           [2m | [22m[2mspec-app-pages-open-settings-updates-open-settings-updates.spec[22m           [2m | [22m[36m141.13 kB[39m[2m | [22m
[32mchunk-BSHXRHZM.js[39m                                                            [2m | [22m[2m-[22m                                                                         [2m | [22m[36m126.04 kB[39m[2m | [22m
[32mspec-app-pages-open-history-open-history.spec.js[39m                             [2m | [22m[2mspec-app-pages-open-history-open-history.spec[22m                             [2m | [22m [36m80.85 kB[39m[2m | [22m
[32mchunk-CTDAPJ5L.js[39m                                                            [2m | [22m[2m-[22m                                                                         [2m | [22m [36m79.63 kB[39m[2m | [22m
[32mchunk-FZ3JN64D.js[39m                                                            [2m | [22m[2m-[22m                                                                         [2m | [22m [36m77.01 kB[39m[2m | [22m
[32mchunk-MJJH27FX.js[39m                                                            [2m | [22m[2m-[22m                                                                         [2m | [22m [36m73.97 kB[39m[2m | [22m
[32mjasmine-cleanup-1.js[39m                                                         [2m | [22m[2mjasmine-cleanup-1[22m                                                         [2m | [22m [36m67.20 kB[39m[2m | [22m
[32mspec-app-services-action-history.service.spec.js[39m                             [2m | [22m[2mspec-app-services-action-history.service.spec[22m                             [2m | [22m [36m48.75 kB[39m[2m | [22m
[32mchunk-ZJTLAINH.js[39m                                                            [2m | [22m[2m-[22m                                                                         [2m | [22m [36m48.74 kB[39m[2m | [22m
[32mspec-app-pages-open-home-open-home.spec.js[39m                                   [2m | [22m[2mspec-app-pages-open-home-open-home.spec[22m                                   [2m | [22m [36m46.46 kB[39m[2m | [22m
[32mspec-app-pages-open-calendar-page-open-calendar-page.spec.js[39m                 [2m | [22m[2mspec-app-pages-open-calendar-page-open-calendar-page.spec[22m                 [2m | [22m [36m42.10 kB[39m[2m | [22m
[32mchunk-SP7JYIEQ.js[39m                                                            [2m | [22m[2m-[22m                                                                         [2m | [22m [36m38.01 kB[39m[2m | [22m
[32mchunk-5EEF75F4.js[39m                                                            [2m | [22m[2m-[22m                                                                         [2m | [22m [36m36.46 kB[39m[2m | [22m
[32mchunk-GB7S4BEP.js[39m                                                            [2m | [22m[2m-[22m                                                                         [2m | [22m [36m35.16 kB[39m[2m | [22m
[32mchunk-MUX2LD7H.js[39m                                                            [2m | [22m[2m-[22m                                                                         [2m | [22m [36m33.53 kB[39m[2m | [22m
[32mspec-app-services-database-database.service.spec.js[39m                          [2m | [22m[2mspec-app-services-database-database.service.spec[22m                          [2m | [22m [36m31.66 kB[39m[2m | [22m
[32mspec-app-pages-open-projects-open-projects.spec.js[39m                           [2m | [22m[2mspec-app-pages-open-projects-open-projects.spec[22m                           [2m | [22m [36m30.84 kB[39m[2m | [22m
[32mchunk-F6WEPLBW.js[39m                                                            [2m | [22m[2m-[22m                                                                         [2m | [22m [36m29.91 kB[39m[2m | [22m
[32mchunk-M324P3VK.js[39m                                                            [2m | [22m[2m-[22m                                                                         [2m | [22m [36m26.47 kB[39m[2m | [22m
[32mchunk-YZPRCNJX.js[39m                                                            [2m | [22m[2m-[22m                                                                         [2m | [22m [36m25.50 kB[39m[2m | [22m
[32mchunk-EFJ54DN7.js[39m                                                            [2m | [22m[2m-[22m                                                                         [2m | [22m [36m24.62 kB[39m[2m | [22m
[32mchunk-UESTKF7L.js[39m                                                            [2m | [22m[2m-[22m                                                                         [2m | [22m [36m23.11 kB[39m[2m | [22m
[32mspec-app-components-open-calendar-open-calendar.spec.js[39m                      [2m | [22m[2mspec-app-components-open-calendar-open-calendar.spec[22m                      [2m | [22m [36m21.82 kB[39m[2m | [22m
[32mtest_main.js[39m                                                                 [2m | [22m[2mtest_main[22m                                                                 [2m | [22m [36m21.76 kB[39m[2m | [22m
[32mspec-app-pages-open-settings-statuses-open-settings-statuses.spec.js[39m         [2m | [22m[2mspec-app-pages-open-settings-statuses-open-settings-statuses.spec[22m         [2m | [22m [36m19.77 kB[39m[2m | [22m
[32mchunk-M4S3YZDT.js[39m                                                            [2m | [22m[2m-[22m                                                                         [2m | [22m [36m18.28 kB[39m[2m | [22m
[32mchunk-XEYKTH5L.js[39m                                                            [2m | [22m[2m-[22m                                                                         [2m | [22m [36m16.83 kB[39m[2m | [22m
[32mchunk-EERTEAAF.js[39m                                                            [2m | [22m[2m-[22m                                                                         [2m | [22m [36m16.44 kB[39m[2m | [22m
[32mchunk-C6KE6N4U.js[39m                                                            [2m | [22m[2m-[22m                                                                         [2m | [22m [36m15.35 kB[39m[2m | [22m
[32mchunk-RZTBTLVS.js[39m                                                            [2m | [22m[2m-[22m                                                                         [2m | [22m [36m15.00 kB[39m[2m | [22m
[32mchunk-GCRLFY4N.js[39m                                                            [2m | [22m[2m-[22m                                                                         [2m | [22m [36m14.94 kB[39m[2m | [22m
[32mspec-app-pages-open-settings-tags-open-settings-tags.spec.js[39m                 [2m | [22m[2mspec-app-pages-open-settings-tags-open-settings-tags.spec[22m                 [2m | [22m [36m14.11 kB[39m[2m | [22m
[32mchunk-PL76RUMV.js[39m                                                            [2m | [22m[2m-[22m                                                                         [2m | [22m [36m12.66 kB[39m[2m | [22m
[32mchunk-DSFX72TM.js[39m                                                            [2m | [22m[2m-[22m                                                                         [2m | [22m [36m12.51 kB[39m[2m | [22m
[32mspec-app-components-open-day-override-dialog-open-day-override-dialog.spec.js[39m[2m | [22m[2mspec-app-components-open-day-override-dialog-open-day-override-dialog.spec[22m[2m | [22m [36m12.46 kB[39m[2m | [22m
[32mspec-app-pages-open-settings-day-types-open-settings-day-types.spec.js[39m       [2m | [22m[2mspec-app-pages-open-settings-day-types-open-settings-day-types.spec[22m       [2m | [22m [36m11.38 kB[39m[2m | [22m
[32mchunk-33W4VPZV.js[39m                                                            [2m | [22m[2m-[22m                                                                         [2m | [22m [36m11.11 kB[39m[2m | [22m
[32mchunk-J44I4BMQ.js[39m                                                            [2m | [22m[2m-[22m                                                                         [2m | [22m [36m11.04 kB[39m[2m | [22m
[32mspec-app-app.spec.js[39m                                                         [2m | [22m[2mspec-app-app.spec[22m                                                         [2m | [22m [36m10.77 kB[39m[2m | [22m
[32mspec-app-components-error-boundary-error-boundary.spec.js[39m                    [2m | [22m[2mspec-app-components-error-boundary-error-boundary.spec[22m                    [2m | [22m [36m10.30 kB[39m[2m | [22m
[32mchunk-7ESL2VAX.js[39m                                                            [2m | [22m[2m-[22m                                                                         [2m | [22m [36m10.15 kB[39m[2m | [22m
[32mchunk-SHS2BYSQ.js[39m                                                            [2m | [22m[2m-[22m                                                                         [2m | [22m  [36m8.92 kB[39m[2m | [22m
[32mspec-app-components-open-day-types-dialog-open-day-types-dialog.spec.js[39m      [2m | [22m[2mspec-app-components-open-day-types-dialog-open-day-types-dialog.spec[22m      [2m | [22m  [36m8.84 kB[39m[2m | [22m
[32mchunk-F6TOKRDP.js[39m                                                            [2m | [22m[2m-[22m                                                                         [2m | [22m  [36m8.38 kB[39m[2m | [22m
[32mspec-app-pages-open-home-components-project-card-project-card.spec.js[39m        [2m | [22m[2mspec-app-pages-open-home-components-project-card-project-card.spec[22m        [2m | [22m  [36m7.41 kB[39m[2m | [22m
[32mspec-app-services-update.service.spec.js[39m                                     [2m | [22m[2mspec-app-services-update.service.spec[22m                                     [2m | [22m  [36m6.85 kB[39m[2m | [22m
[32mchunk-32YLUOB2.js[39m                                                            [2m | [22m[2m-[22m                                                                         [2m | [22m  [36m6.68 kB[39m[2m | [22m
[32mspec-app-pages-open-tasks-components-task-table-task-table.spec.js[39m           [2m | [22m[2mspec-app-pages-open-tasks-components-task-table-task-table.spec[22m           [2m | [22m  [36m6.23 kB[39m[2m | [22m
[32mchunk-AGPQKOK7.js[39m                                                            [2m | [22m[2m-[22m                                                                         [2m | [22m  [36m6.06 kB[39m[2m | [22m
[32mchunk-7TFVBDWB.js[39m                                                            [2m | [22m[2m-[22m                                                                         [2m | [22m  [36m5.89 kB[39m[2m | [22m
[32mchunk-P63BL3W4.js[39m                                                            [2m | [22m[2m-[22m                                                                         [2m | [22m  [36m5.72 kB[39m[2m | [22m
[32mspec-app-components-open-time-entry-dialog-open-time-entry-dialog.spec.js[39m    [2m | [22m[2mspec-app-components-open-time-entry-dialog-open-time-entry-dialog.spec[22m    [2m | [22m  [36m5.15 kB[39m[2m | [22m
[32mspec-app-components-open-layout-open-layout.spec.js[39m                          [2m | [22m[2mspec-app-components-open-layout-open-layout.spec[22m                          [2m | [22m  [36m4.90 kB[39m[2m | [22m
[32mspec-app-services-theme-theme.service.spec.js[39m                                [2m | [22m[2mspec-app-services-theme-theme.service.spec[22m                                [2m | [22m  [36m4.64 kB[39m[2m | [22m
[32mchunk-6ZQF57HW.js[39m                                                            [2m | [22m[2m-[22m                                                                         [2m | [22m  [36m4.22 kB[39m[2m | [22m
[32mspec-app-utils-time.utils.spec.js[39m                                            [2m | [22m[2mspec-app-utils-time.utils.spec[22m                                            [2m | [22m  [36m4.20 kB[39m[2m | [22m
[32mspec-app-services-translation-translation.service.spec.js[39m                    [2m | [22m[2mspec-app-services-translation-translation.service.spec[22m                    [2m | [22m  [36m4.20 kB[39m[2m | [22m
[32mspec-app-pages-open-home-components-task-card-task-card.spec.js[39m              [2m | [22m[2mspec-app-pages-open-home-components-task-card-task-card.spec[22m              [2m | [22m  [36m4.12 kB[39m[2m | [22m
[32mspec-app-components-open-work-config-dialog-open-work-config-dialog.spec.js[39m  [2m | [22m[2mspec-app-components-open-work-config-dialog-open-work-config-dialog.spec[22m  [2m | [22m  [36m3.98 kB[39m[2m | [22m
[32mchunk-YXV5HL3O.js[39m                                                            [2m | [22m[2m-[22m                                                                         [2m | [22m  [36m3.61 kB[39m[2m | [22m
[32mchunk-JET3MK7X.js[39m                                                            [2m | [22m[2m-[22m                                                                         [2m | [22m  [36m3.09 kB[39m[2m | [22m
[32mchunk-TXSXOOJN.js[39m                                                            [2m | [22m[2m-[22m                                                                         [2m | [22m  [36m2.96 kB[39m[2m | [22m
[32mspec-app-services-navigation-electron-navigation.service.spec.js[39m             [2m | [22m[2mspec-app-services-navigation-electron-navigation.service.spec[22m             [2m | [22m  [36m2.81 kB[39m[2m | [22m
[32mspec-app-pages-open-projects-components-project-table-project-table.spec.js[39m  [2m | [22m[2mspec-app-pages-open-projects-components-project-table-project-table.spec[22m  [2m | [22m  [36m2.69 kB[39m[2m | [22m
[32mspec-app-services-errors-global-error-handler.spec.js[39m                        [2m | [22m[2mspec-app-services-errors-global-error-handler.spec[22m                        [2m | [22m  [36m2.40 kB[39m[2m | [22m
[32mchunk-I6QNWEYD.js[39m                                                            [2m | [22m[2m-[22m                                                                         [2m | [22m  [36m2.37 kB[39m[2m | [22m
[32mchunk-RYRGV7JS.js[39m                                                            [2m | [22m[2m-[22m                                                                         [2m | [22m  [36m2.35 kB[39m[2m | [22m
[32mspec-app-components-open-confirm-delete-open-confirm-delete.spec.js[39m          [2m | [22m[2mspec-app-components-open-confirm-delete-open-confirm-delete.spec[22m          [2m | [22m  [36m2.06 kB[39m[2m | [22m
[32mstyles.css[39m                                                                   [2m | [22m[2mstyles[22m                                                                    [2m | [22m  [36m1.85 kB[39m[2m | [22m
[32mchunk-BZNUHPLP.js[39m                                                            [2m | [22m[2m-[22m                                                                         [2m | [22m  [36m1.74 kB[39m[2m | [22m
[32mchunk-L7TM24VY.js[39m                                                            [2m | [22m[2m-[22m                                                                         [2m | [22m  [36m1.70 kB[39m[2m | [22m
[32mchunk-UYXROD6O.js[39m                                                            [2m | [22m[2m-[22m                                                                         [2m | [22m  [36m1.67 kB[39m[2m | [22m
[32mchunk-KSTHI4DP.js[39m                                                            [2m | [22m[2m-[22m                                                                         [2m | [22m  [36m1.59 kB[39m[2m | [22m
[32mchunk-THHJXMSS.js[39m                                                            [2m | [22m[2m-[22m                                                                         [2m | [22m[36m941 bytes[39m[2m | [22m
[32mjasmine-cleanup-0.js[39m                                                         [2m | [22m[2mjasmine-cleanup-0[22m                                                         [2m | [22m[36m519 bytes[39m[2m | [22m
[32mchunk-AVU2M2LO.js[39m                                                            [2m | [22m[2m-[22m                                                                         [2m | [22m [36m43 bytes[39m[2m | [22m

[1m [22m                                                                            [2m | [22m[1mInitial total[22m                                                             [2m | [22m  [1m6.34 MB[22m

Application bundle generation complete. [1.898 seconds] - 2026-02-10T16:57:22.102Z

[32m10 02 2026 17:57:22.338:INFO [karma-server]: [39mKarma v6.4.4 server started at http://localhost:9878/
[32m10 02 2026 17:57:22.338:INFO [launcher]: [39mLaunching browsers ChromeHeadless with concurrency unlimited
[32m10 02 2026 17:57:22.342:INFO [launcher]: [39mStarting browser ChromeHeadless
[32m10 02 2026 17:57:23.340:INFO [Chrome Headless 144.0.0.0 (Windows 10)]: [39mConnected on socket mnZGoUbT8EOHUzAUAAAB with id 2895244
Chrome Headless 144.0.0.0 (Windows 10): Executed 0 of 799[32m SUCCESS[39m (0 secs / 0 secs)
[1A[2KChrome Headless 144.0.0.0 (Windows 10): Executed 1 of 799[32m SUCCESS[39m (0 secs / 0.001 secs)
[1A[2KChrome Headless 144.0.0.0 (Windows 10): Executed 2 of 799[32m SUCCESS[39m (0 secs / 0.001 secs)
[1A[2KChrome Headless 144.0.0.0 (Windows 10): Executed 3 of 799[32m SUCCESS[39m (0 secs / 0.002 secs)
[1A[2KChrome Headless 144.0.0.0 (Windows 10): Executed 4 of 799[32m SUCCESS[39m (0 secs / 0.002 secs)
[1A[2KChrome Headless 144.0.0.0 (Windows 10): Executed 5 of 799[32m SUCCESS[39m (0 secs / 0.002 secs)
[1A[2KChrome Headless 144.0.0.0 (Windows 10): Executed 6 of 799[32m SUCCESS[39m (0 secs / 0.002 secs)
[1A[2KChrome Headless 144.0.0.0 (Windows 10): Executed 7 of 799[32m SUCCESS[39m (0 secs / 0.002 secs)
[1A[2KChrome Headless 144.0.0.0 (Windows 10): Executed 8 of 799[32m SUCCESS[39m (0 secs / 0.002 secs)
[1A[2KChrome Headless 144.0.0.0 (Windows 10): Executed 9 of 799[32m SUCCESS[39m (0 secs / 0.002 secs)
[1A[2KChrome Headless 144.0.0.0 (Windows 10): Executed 10 of 799[32m SUCCESS[39m (0 secs / 0.003 secs)
[1A[2KChrome Headless 144.0.0.0 (Windows 10): Executed 11 of 799[32m SUCCESS[39m (0 secs / 0.003 secs)
[1A[2KChrome Headless 144.0.0.0 (Windows 10): Executed 12 of 799[32m SUCCESS[39m (0 secs / 0.003 secs)
[1A[2KChrome Headless 144.0.0.0 (Windows 10): Executed 13 of 799[32m SUCCESS[39m (0 secs / 0.003 secs)
[1A[2KChrome Headless 144.0.0.0 (Windows 10): Executed 14 of 799[32m SUCCESS[39m (0 secs / 0.003 secs)
[1A[2KChrome Headless 144.0.0.0 (Windows 10): Executed 15 of 799[32m SUCCESS[39m (0 secs / 0.003 secs)
[1A[2KChrome Headless 144.0.0.0 (Windows 10): Executed 16 of 799[32m SUCCESS[39m (0 secs / 0.003 secs)
[1A[2KChrome Headless 144.0.0.0 (Windows 10): Executed 17 of 799[32m SUCCESS[39m (0 secs / 0.003 secs)
[1A[2KChrome Headless 144.0.0.0 (Windows 10): Executed 18 of 799[32m SUCCESS[39m (0 secs / 0.003 secs)
[1A[2KChrome Headless 144.0.0.0 (Windows 10): Executed 19 of 799[32m SUCCESS[39m (0 secs / 0.003 secs)
[1A[2KChrome Headless 144.0.0.0 (Windows 10): Executed 20 of 799[32m SUCCESS[39m (0 secs / 0.003 secs)
[1A[2KChrome Headless 144.0.0.0 (Windows 10): Executed 21 of 799[32m SUCCESS[39m (0 secs / 0.003 secs)
[1A[2KChrome Headless 144.0.0.0 (Windows 10): Executed 22 of 799[32m SUCCESS[39m (0 secs / 0.003 secs)
[1A[2KChrome Headless 144.0.0.0 (Windows 10): Executed 23 of 799[32m SUCCESS[39m (0 secs / 0.003 secs)
[1A[2KChrome Headless 144.0.0.0 (Windows 10): Executed 24 of 799[32m SUCCESS[39m (0 secs / 0.003 secs)
[1A[2KChrome Headless 144.0.0.0 (Windows 10): Executed 25 of 799[32m SUCCESS[39m (0 secs / 0.004 secs)
[1A[2KChrome Headless 144.0.0.0 (Windows 10): Executed 26 of 799[32m SUCCESS[39m (0 secs / 0.004 secs)
[1A[2KChrome Headless 144.0.0.0 (Windows 10): Executed 27 of 799[32m SUCCESS[39m (0 secs / 0.004 secs)
[1A[2KChrome Headless 144.0.0.0 (Windows 10): Executed 28 of 799[32m SUCCESS[39m (0 secs / 0.004 secs)
[1A[2KChrome Headless 144.0.0.0 (Windows 10): Executed 29 of 799[32m SUCCESS[39m (0 secs / 0.004 secs)
[1A[2KChrome Headless 144.0.0.0 (Windows 10): Executed 30 of 799[32m SUCCESS[39m (0 secs / 0.004 secs)
[1A[2KChrome Headless 144.0.0.0 (Windows 10): Executed 31 of 799[32m SUCCESS[39m (0 secs / 0.004 secs)
[1A[2KChrome Headless 144.0.0.0 (Windows 10): Executed 32 of 799[32m SUCCESS[39m (0 secs / 0.004 secs)
[1A[2KChrome Headless 144.0.0.0 (Windows 10): Executed 33 of 799[32m SUCCESS[39m (0 secs / 0.004 secs)
[1A[2KChrome Headless 144.0.0.0 (Windows 10): Executed 34 of 799[32m SUCCESS[39m (0 secs / 0.004 secs)
[1A[2KChrome Headless 144.0.0.0 (Windows 10): Executed 35 of 799[32m SUCCESS[39m (0 secs / 0.068 secs)
[1A[2KChrome Headless 144.0.0.0 (Windows 10): Executed 36 of 799[32m SUCCESS[39m (0 secs / 0.074 secs)
[1A[2KChrome Headless 144.0.0.0 (Windows 10): Executed 37 of 799[32m SUCCESS[39m (0 secs / 0.08 secs)
[1A[2KChrome Headless 144.0.0.0 (Windows 10): Executed 38 of 799[32m SUCCESS[39m (0 secs / 0.085 secs)
[1A[2KChrome Headless 144.0.0.0 (Windows 10): Executed 39 of 799[32m SUCCESS[39m (0 secs / 0.09 secs)
[1A[2KChrome Headless 144.0.0.0 (Windows 10): Executed 40 of 799[32m SUCCESS[39m (0 secs / 0.099 secs)
[1A[2KChrome Headless 144.0.0.0 (Windows 10): Executed 41 of 799[32m SUCCESS[39m (0 secs / 0.105 secs)
[1A[2KWARN: [36m'Spec 'OpenCalendarPage should handle effect when dataChanged signal changes for relevant entity types' has no expectations.'[39m
Chrome Headless 144.0.0.0 (Windows 10): Executed 41 of 799[32m SUCCESS[39m (0 secs / 0.105 secs)
WARN: 'Spec 'OpenCalendarPage should handle effect when dataChanged signal changes for relevant entity types' has no expectations.'
[1A[2KChrome Headless 144.0.0.0 (Windows 10): Executed 42 of 799[32m SUCCESS[39m (0 secs / 0.184 secs)
[1A[2KChrome Headless 144.0.0.0 (Windows 10): Executed 43 of 799[32m SUCCESS[39m (0 secs / 0.189 secs)
[1A[2KChrome Headless 144.0.0.0 (Windows 10): Executed 44 of 799[32m SUCCESS[39m (0 secs / 0.193 secs)
[1A[2KChrome Headless 144.0.0.0 (Windows 10): Executed 45 of 799[32m SUCCESS[39m (0 secs / 0.197 secs)
[1A[2KChrome Headless 144.0.0.0 (Windows 10): Executed 46 of 799[32m SUCCESS[39m (0 secs / 0.201 secs)
[1A[2KChrome Headless 144.0.0.0 (Windows 10): Executed 47 of 799[32m SUCCESS[39m (0 secs / 0.205 secs)
[1A[2KChrome Headless 144.0.0.0 (Windows 10): Executed 48 of 799[32m SUCCESS[39m (0 secs / 0.209 secs)
[1A[2KChrome Headless 144.0.0.0 (Windows 10): Executed 49 of 799[32m SUCCESS[39m (0 secs / 0.266 secs)
[1A[2KChrome Headless 144.0.0.0 (Windows 10): Executed 50 of 799[32m SUCCESS[39m (0 secs / 0.27 secs)
[1A[2KChrome Headless 144.0.0.0 (Windows 10): Executed 51 of 799[32m SUCCESS[39m (0 secs / 0.317 secs)
[1A[2KChrome Headless 144.0.0.0 (Windows 10): Executed 52 of 799[32m SUCCESS[39m (0 secs / 0.32 secs)
[1A[2KChrome Headless 144.0.0.0 (Windows 10): Executed 53 of 799[32m SUCCESS[39m (0 secs / 0.324 secs)
[1A[2KChrome Headless 144.0.0.0 (Windows 10): Executed 54 of 799[32m SUCCESS[39m (0 secs / 0.327 secs)
[1A[2KChrome Headless 144.0.0.0 (Windows 10): Executed 55 of 799[32m SUCCESS[39m (0 secs / 0.331 secs)
[1A[2KChrome Headless 144.0.0.0 (Windows 10): Executed 56 of 799[32m SUCCESS[39m (0 secs / 0.335 secs)
[1A[2KChrome Headless 144.0.0.0 (Windows 10): Executed 57 of 799[32m SUCCESS[39m (0 secs / 0.338 secs)
[1A[2KChrome Headless 144.0.0.0 (Windows 10): Executed 58 of 799[32m SUCCESS[39m (0 secs / 0.342 secs)
[1A[2KChrome Headless 144.0.0.0 (Windows 10): Executed 59 of 799[32m SUCCESS[39m (0 secs / 0.346 secs)
[1A[2KChrome Headless 144.0.0.0 (Windows 10): Executed 60 of 799[32m SUCCESS[39m (0 secs / 0.35 secs)
[1A[2KChrome Headless 144.0.0.0 (Windows 10): Executed 61 of 799[32m SUCCESS[39m (0 secs / 0.353 secs)
[1A[2KChrome Headless 144.0.0.0 (Windows 10): Executed 62 of 799[32m SUCCESS[39m (0 secs / 0.357 secs)
[1A[2KChrome Headless 144.0.0.0 (Windows 10): Executed 63 of 799[32m SUCCESS[39m (0 secs / 0.362 secs)
[1A[2KChrome Headless 144.0.0.0 (Windows 10): Executed 64 of 799[32m SUCCESS[39m (0 secs / 0.366 secs)
[1A[2KChrome Headless 144.0.0.0 (Windows 10): Executed 65 of 799[32m SUCCESS[39m (0 secs / 0.369 secs)
[1A[2KChrome Headless 144.0.0.0 (Windows 10): Executed 66 of 799[32m SUCCESS[39m (0 secs / 0.372 secs)
[1A[2KChrome Headless 144.0.0.0 (Windows 10): Executed 67 of 799[32m SUCCESS[39m (0 secs / 0.375 secs)
[1A[2KChrome Headless 144.0.0.0 (Windows 10): Executed 68 of 799[32m SUCCESS[39m (0 secs / 0.378 secs)
[1A[2KChrome Headless 144.0.0.0 (Windows 10): Executed 69 of 799[32m SUCCESS[39m (0 secs / 0.381 secs)
[1A[2KChrome Headless 144.0.0.0 (Windows 10): Executed 70 of 799[32m SUCCESS[39m (0 secs / 0.384 secs)
[1A[2KChrome Headless 144.0.0.0 (Windows 10): Executed 71 of 799[32m SUCCESS[39m (0 secs / 0.387 secs)
[1A[2KChrome Headless 144.0.0.0 (Windows 10): Executed 72 of 799[32m SUCCESS[39m (0 secs / 0.432 secs)
[1A[2KChrome Headless 144.0.0.0 (Windows 10): Executed 73 of 799[32m SUCCESS[39m (0 secs / 0.435 secs)
[1A[2KChrome Headless 144.0.0.0 (Windows 10): Executed 74 of 799[32m SUCCESS[39m (0 secs / 0.439 secs)
[1A[2KChrome Headless 144.0.0.0 (Windows 10): Executed 75 of 799[32m SUCCESS[39m (0 secs / 0.442 secs)
[1A[2KChrome Headless 144.0.0.0 (Windows 10): Executed 76 of 799[32m SUCCESS[39m (0 secs / 0.445 secs)
[1A[2KChrome Headless 144.0.0.0 (Windows 10): Executed 77 of 799[32m SUCCESS[39m (0 secs / 0.448 secs)
[1A[2KChrome Headless 144.0.0.0 (Windows 10): Executed 78 of 799[32m SUCCESS[39m (0 secs / 0.451 secs)
[1A[2KChrome Headless 144.0.0.0 (Windows 10): Executed 79 of 799[32m SUCCESS[39m (0 secs / 0.455 secs)
[1A[2KChrome Headless 144.0.0.0 (Windows 10): Executed 80 of 799[32m SUCCESS[39m (0 secs / 0.471 secs)
[1A[2KChrome Headless 144.0.0.0 (Windows 10): Executed 81 of 799[32m SUCCESS[39m (0 secs / 0.473 secs)
[1A[2KChrome Headless 144.0.0.0 (Windows 10): Executed 82 of 799[32m SUCCESS[39m (0 secs / 0.475 secs)
[1A[2KChrome Headless 144.0.0.0 (Windows 10): Executed 83 of 799[32m SUCCESS[39m (0 secs / 0.476 secs)
[1A[2KChrome Headless 144.0.0.0 (Windows 10): Executed 84 of 799[32m SUCCESS[39m (0 secs / 0.478 secs)
[1A[2KChrome Headless 144.0.0.0 (Windows 10): Executed 85 of 799[32m SUCCESS[39m (0 secs / 0.479 secs)
[1A[2KChrome Headless 144.0.0.0 (Windows 10): Executed 86 of 799[32m SUCCESS[39m (0 secs / 0.48 secs)
[1A[2KChrome Headless 144.0.0.0 (Windows 10): Executed 87 of 799[32m SUCCESS[39m (0 secs / 0.482 secs)
[1A[2KChrome Headless 144.0.0.0 (Windows 10): Executed 88 of 799[32m SUCCESS[39m (0 secs / 0.484 secs)
[1A[2KChrome Headless 144.0.0.0 (Windows 10): Executed 89 of 799[32m SUCCESS[39m (0 secs / 0.485 secs)
[1A[2KChrome Headless 144.0.0.0 (Windows 10): Executed 90 of 799[32m SUCCESS[39m (0 secs / 0.486 secs)
[1A[2KChrome Headless 144.0.0.0 (Windows 10): Executed 91 of 799[32m SUCCESS[39m (0 secs / 0.486 secs)
[1A[2KChrome Headless 144.0.0.0 (Windows 10): Executed 92 of 799[32m SUCCESS[39m (0 secs / 0.487 secs)
[1A[2KChrome Headless 144.0.0.0 (Windows 10): Executed 93 of 799[32m SUCCESS[39m (0 secs / 0.488 secs)
[1A[2KChrome Headless 144.0.0.0 (Windows 10): Executed 94 of 799[32m SUCCESS[39m (0 secs / 0.488 secs)
[1A[2KChrome Headless 144.0.0.0 (Windows 10): Executed 95 of 799[32m SUCCESS[39m (0 secs / 0.489 secs)
[1A[2KChrome Headless 144.0.0.0 (Windows 10): Executed 96 of 799[32m SUCCESS[39m (0 secs / 0.49 secs)
[1A[2KChrome Headless 144.0.0.0 (Windows 10): Executed 97 of 799[32m SUCCESS[39m (0 secs / 0.49 secs)
[1A[2KChrome Headless 144.0.0.0 (Windows 10): Executed 98 of 799[32m SUCCESS[39m (0 secs / 0.491 secs)
[1A[2KChrome Headless 144.0.0.0 (Windows 10): Executed 99 of 799[32m SUCCESS[39m (0 secs / 0.492 secs)
[1A[2KChrome Headless 144.0.0.0 (Windows 10): Executed 100 of 799[32m SUCCESS[39m (0 secs / 0.492 secs)
[1A[2KChrome Headless 144.0.0.0 (Windows 10): Executed 101 of 799[32m SUCCESS[39m (0 secs / 0.493 secs)
[1A[2KChrome Headless 144.0.0.0 (Windows 10): Executed 102 of 799[32m SUCCESS[39m (0 secs / 0.493 secs)
[1A[2KChrome Headless 144.0.0.0 (Windows 10): Executed 103 of 799[32m SUCCESS[39m (0 secs / 0.494 secs)
[1A[2KChrome Headless 144.0.0.0 (Windows 10): Executed 104 of 799[32m SUCCESS[39m (0 secs / 0.494 secs)
[1A[2KChrome Headless 144.0.0.0 (Windows 10): Executed 105 of 799[32m SUCCESS[39m (0 secs / 0.494 secs)
[1A[2KChrome Headless 144.0.0.0 (Windows 10): Executed 106 of 799[32m SUCCESS[39m (0 secs / 0.494 secs)
[1A[2KChrome Headless 144.0.0.0 (Windows 10): Executed 107 of 799[32m SUCCESS[39m (0 secs / 0.494 secs)
[1A[2KChrome Headless 144.0.0.0 (Windows 10): Executed 108 of 799[32m SUCCESS[39m (0 secs / 0.508 secs)
[1A[2KChrome Headless 144.0.0.0 (Windows 10): Executed 109 of 799[32m SUCCESS[39m (0 secs / 0.517 secs)
[1A[2KChrome Headless 144.0.0.0 (Windows 10): Executed 110 of 799[32m SUCCESS[39m (0 secs / 0.524 secs)
[1A[2KChrome Headless 144.0.0.0 (Windows 10): Executed 111 of 799[32m SUCCESS[39m (0 secs / 0.53 secs)
[1A[2KChrome Headless 144.0.0.0 (Windows 10): Executed 112 of 799[32m SUCCESS[39m (0 secs / 0.537 secs)
[1A[2KChrome Headless 144.0.0.0 (Windows 10): Executed 113 of 799[32m SUCCESS[39m (0 secs / 0.543 secs)
[1A[2KChrome Headless 144.0.0.0 (Windows 10): Executed 114 of 799[32m SUCCESS[39m (0 secs / 0.549 secs)
[1A[2KChrome Headless 144.0.0.0 (Windows 10): Executed 115 of 799[32m SUCCESS[39m (0 secs / 0.555 secs)
[1A[2KChrome Headless 144.0.0.0 (Windows 10): Executed 116 of 799[32m SUCCESS[39m (0 secs / 0.562 secs)
[1A[2KChrome Headless 144.0.0.0 (Windows 10): Executed 117 of 799[32m SUCCESS[39m (0 secs / 0.568 secs)
[1A[2KChrome Headless 144.0.0.0 (Windows 10): Executed 118 of 799[32m SUCCESS[39m (0 secs / 0.573 secs)
[1A[2KChrome Headless 144.0.0.0 (Windows 10): Executed 119 of 799[32m SUCCESS[39m (0 secs / 0.58 secs)
[1A[2KChrome Headless 144.0.0.0 (Windows 10): Executed 120 of 799[32m SUCCESS[39m (0 secs / 0.586 secs)
[1A[2KChrome Headless 144.0.0.0 (Windows 10): Executed 121 of 799[32m SUCCESS[39m (0 secs / 0.592 secs)
[1A[2KChrome Headless 144.0.0.0 (Windows 10): Executed 122 of 799[32m SUCCESS[39m (0 secs / 0.598 secs)
[1A[2KChrome Headless 144.0.0.0 (Windows 10): Executed 123 of 799[32m SUCCESS[39m (0 secs / 0.605 secs)
[1A[2KChrome Headless 144.0.0.0 (Windows 10): Executed 124 of 799[32m SUCCESS[39m (0 secs / 0.611 secs)
[1A[2KChrome Headless 144.0.0.0 (Windows 10): Executed 125 of 799[32m SUCCESS[39m (0 secs / 0.617 secs)
[1A[2KChrome Headless 144.0.0.0 (Windows 10): Executed 126 of 799[32m SUCCESS[39m (0 secs / 0.624 secs)
[1A[2KChrome Headless 144.0.0.0 (Windows 10): Executed 127 of 799[32m SUCCESS[39m (0 secs / 0.63 secs)
[1A[2KChrome Headless 144.0.0.0 (Windows 10): Executed 128 of 799[32m SUCCESS[39m (0 secs / 0.635 secs)
[1A[2KChrome Headless 144.0.0.0 (Windows 10): Executed 129 of 799[32m SUCCESS[39m (0 secs / 0.64 secs)
[1A[2KChrome Headless 144.0.0.0 (Windows 10): Executed 130 of 799[32m SUCCESS[39m (0 secs / 0.647 secs)
[1A[2KChrome Headless 144.0.0.0 (Windows 10): Executed 131 of 799[32m SUCCESS[39m (0 secs / 0.653 secs)
[1A[2KChrome Headless 144.0.0.0 (Windows 10): Executed 132 of 799[32m SUCCESS[39m (0 secs / 0.659 secs)
[1A[2KChrome Headless 144.0.0.0 (Windows 10): Executed 133 of 799[32m SUCCESS[39m (0 secs / 0.667 secs)
[1A[2KChrome Headless 144.0.0.0 (Windows 10): Executed 134 of 799[32m SUCCESS[39m (0 secs / 0.673 secs)
[1A[2KChrome Headless 144.0.0.0 (Windows 10): Executed 135 of 799[32m SUCCESS[39m (0 secs / 0.678 secs)
[1A[2KChrome Headless 144.0.0.0 (Windows 10): Executed 136 of 799[32m SUCCESS[39m (0 secs / 0.692 secs)
[1A[2KChrome Headless 144.0.0.0 (Windows 10): Executed 137 of 799[32m SUCCESS[39m (0 secs / 0.698 secs)
[1A[2KChrome Headless 144.0.0.0 (Windows 10): Executed 138 of 799[32m SUCCESS[39m (0 secs / 0.703 secs)
[1A[2KChrome Headless 144.0.0.0 (Windows 10): Executed 139 of 799[32m SUCCESS[39m (0 secs / 0.705 secs)
[1A[2KChrome Headless 144.0.0.0 (Windows 10): Executed 140 of 799[32m SUCCESS[39m (0 secs / 0.707 secs)
[1A[2KChrome Headless 144.0.0.0 (Windows 10): Executed 141 of 799[32m SUCCESS[39m (0 secs / 0.709 secs)
[1A[2KChrome Headless 144.0.0.0 (Windows 10): Executed 142 of 799[32m SUCCESS[39m (0 secs / 0.711 secs)
[1A[2KChrome Headless 144.0.0.0 (Windows 10): Executed 143 of 799[32m SUCCESS[39m (0 secs / 0.712 secs)
[1A[2KChrome Headless 144.0.0.0 (Windows 10): Executed 144 of 799[32m SUCCESS[39m (0 secs / 0.713 secs)
[1A[2KChrome Headless 144.0.0.0 (Windows 10): Executed 145 of 799[32m SUCCESS[39m (0 secs / 0.715 secs)
[1A[2KChrome Headless 144.0.0.0 (Windows 10): Executed 146 of 799[32m SUCCESS[39m (0 secs / 0.717 secs)
[1A[2KChrome Headless 144.0.0.0 (Windows 10): Executed 147 of 799[32m SUCCESS[39m (0 secs / 0.718 secs)
[1A[2KChrome Headless 144.0.0.0 (Windows 10): Executed 148 of 799[32m SUCCESS[39m (0 secs / 0.72 secs)
[1A[2KChrome Headless 144.0.0.0 (Windows 10): Executed 149 of 799[32m SUCCESS[39m (0 secs / 0.722 secs)
[1A[2KChrome Headless 144.0.0.0 (Windows 10): Executed 150 of 799[32m SUCCESS[39m (0 secs / 0.724 secs)
[1A[2KChrome Headless 144.0.0.0 (Windows 10): Executed 151 of 799[32m SUCCESS[39m (0 secs / 0.726 secs)
[1A[2KChrome Headless 144.0.0.0 (Windows 10): Executed 152 of 799[32m SUCCESS[39m (0 secs / 0.728 secs)
[1A[2KChrome Headless 144.0.0.0 (Windows 10): Executed 153 of 799[32m SUCCESS[39m (0 secs / 0.729 secs)
[1A[2KChrome Headless 144.0.0.0 (Windows 10): Executed 154 of 799[32m SUCCESS[39m (0 secs / 0.73 secs)
[1A[2KChrome Headless 144.0.0.0 (Windows 10): Executed 155 of 799[32m SUCCESS[39m (0 secs / 0.732 secs)
[1A[2KChrome Headless 144.0.0.0 (Windows 10): Executed 156 of 799[32m SUCCESS[39m (0 secs / 0.734 secs)
[1A[2KChrome Headless 144.0.0.0 (Windows 10): Executed 157 of 799[32m SUCCESS[39m (0 secs / 0.741 secs)
[1A[2KChrome Headless 144.0.0.0 (Windows 10): Executed 158 of 799[32m SUCCESS[39m (0 secs / 0.747 secs)
[1A[2KChrome Headless 144.0.0.0 (Windows 10): Executed 159 of 799[32m SUCCESS[39m (0 secs / 0.753 secs)
[1A[2KChrome Headless 144.0.0.0 (Windows 10): Executed 160 of 799[32m SUCCESS[39m (0 secs / 0.761 secs)
[1A[2KChrome Headless 144.0.0.0 (Windows 10): Executed 161 of 799[32m SUCCESS[39m (0 secs / 0.768 secs)
[1A[2KChrome Headless 144.0.0.0 (Windows 10): Executed 162 of 799[32m SUCCESS[39m (0 secs / 0.788 secs)
[1A[2KChrome Headless 144.0.0.0 (Windows 10): Executed 163 of 799[32m SUCCESS[39m (0 secs / 0.803 secs)
[1A[2KChrome Headless 144.0.0.0 (Windows 10): Executed 164 of 799[32m SUCCESS[39m (0 secs / 0.816 secs)
[1A[2KChrome Headless 144.0.0.0 (Windows 10): Executed 165 of 799[32m SUCCESS[39m (0 secs / 0.83 secs)
[1A[2KChrome Headless 144.0.0.0 (Windows 10): Executed 166 of 799[32m SUCCESS[39m (0 secs / 0.846 secs)
[1A[2KChrome Headless 144.0.0.0 (Windows 10): Executed 167 of 799[32m SUCCESS[39m (0 secs / 0.86 secs)
[1A[2KChrome Headless 144.0.0.0 (Windows 10): Executed 168 of 799[32m SUCCESS[39m (0 secs / 0.875 secs)
[1A[2KChrome Headless 144.0.0.0 (Windows 10): Executed 169 of 799[32m SUCCESS[39m (0 secs / 0.891 secs)
[1A[2KChrome Headless 144.0.0.0 (Windows 10): Executed 170 of 799[32m SUCCESS[39m (0 secs / 0.903 secs)
[1A[2KChrome Headless 144.0.0.0 (Windows 10): Executed 171 of 799[32m SUCCESS[39m (0 secs / 0.916 secs)
[1A[2KChrome Headless 144.0.0.0 (Windows 10): Executed 172 of 799[32m SUCCESS[39m (0 secs / 0.928 secs)
[1A[2KChrome Headless 144.0.0.0 (Windows 10): Executed 173 of 799[32m SUCCESS[39m (0 secs / 0.941 secs)
[1A[2KChrome Headless 144.0.0.0 (Windows 10): Executed 174 of 799[32m SUCCESS[39m (0 secs / 0.947 secs)
[1A[2KChrome Headless 144.0.0.0 (Windows 10): Executed 175 of 799[32m SUCCESS[39m (0 secs / 0.95 secs)
[1A[2KChrome Headless 144.0.0.0 (Windows 10): Executed 176 of 799[32m SUCCESS[39m (0 secs / 0.953 secs)
[1A[2KChrome Headless 144.0.0.0 (Windows 10): Executed 177 of 799[32m SUCCESS[39m (0 secs / 0.954 secs)
[1A[2KChrome Headless 144.0.0.0 (Windows 10): Executed 178 of 799[32m SUCCESS[39m (0 secs / 0.954 secs)
[1A[2KChrome Headless 144.0.0.0 (Windows 10): Executed 179 of 799[32m SUCCESS[39m (0 secs / 0.955 secs)
[1A[2KChrome Headless 144.0.0.0 (Windows 10): Executed 180 of 799[32m SUCCESS[39m (0 secs / 0.958 secs)
[1A[2KChrome Headless 144.0.0.0 (Windows 10): Executed 181 of 799[32m SUCCESS[39m (0 secs / 0.961 secs)
[1A[2KChrome Headless 144.0.0.0 (Windows 10): Executed 182 of 799[32m SUCCESS[39m (0 secs / 0.963 secs)
[1A[2KChrome Headless 144.0.0.0 (Windows 10): Executed 183 of 799[32m SUCCESS[39m (0 secs / 0.966 secs)
[1A[2KChrome Headless 144.0.0.0 (Windows 10): Executed 184 of 799[32m SUCCESS[39m (0 secs / 0.969 secs)
[1A[2KChrome Headless 144.0.0.0 (Windows 10): Executed 185 of 799[32m SUCCESS[39m (0 secs / 0.971 secs)
[1A[2KChrome Headless 144.0.0.0 (Windows 10): Executed 186 of 799[32m SUCCESS[39m (0 secs / 0.971 secs)
[1A[2KChrome Headless 144.0.0.0 (Windows 10): Executed 187 of 799[32m SUCCESS[39m (0 secs / 0.972 secs)
[1A[2KChrome Headless 144.0.0.0 (Windows 10): Executed 188 of 799[32m SUCCESS[39m (0 secs / 0.973 secs)
[1A[2KChrome Headless 144.0.0.0 (Windows 10): Executed 189 of 799[32m SUCCESS[39m (0 secs / 0.973 secs)
[1A[2KChrome Headless 144.0.0.0 (Windows 10): Executed 190 of 799[32m SUCCESS[39m (0 secs / 0.991 secs)
[1A[2KChrome Headless 144.0.0.0 (Windows 10): Executed 191 of 799[32m SUCCESS[39m (0 secs / 1.008 secs)
[1A[2KChrome Headless 144.0.0.0 (Windows 10): Executed 192 of 799[32m SUCCESS[39m (0 secs / 1.027 secs)
[1A[2KChrome Headless 144.0.0.0 (Windows 10): Executed 193 of 799[32m SUCCESS[39m (0 secs / 1.049 secs)
[1A[2KChrome Headless 144.0.0.0 (Windows 10): Executed 194 of 799[32m SUCCESS[39m (0 secs / 1.066 secs)
[1A[2KChrome Headless 144.0.0.0 (Windows 10): Executed 195 of 799[32m SUCCESS[39m (0 secs / 1.084 secs)
[1A[2KChrome Headless 144.0.0.0 (Windows 10): Executed 196 of 799[32m SUCCESS[39m (0 secs / 1.101 secs)
[1A[2KChrome Headless 144.0.0.0 (Windows 10): Executed 197 of 799[32m SUCCESS[39m (0 secs / 1.12 secs)
[1A[2KChrome Headless 144.0.0.0 (Windows 10): Executed 198 of 799[32m SUCCESS[39m (0 secs / 1.137 secs)
[1A[2KChrome Headless 144.0.0.0 (Windows 10): Executed 199 of 799[32m SUCCESS[39m (0 secs / 1.157 secs)
[1A[2KChrome Headless 144.0.0.0 (Windows 10): Executed 200 of 799[32m SUCCESS[39m (0 secs / 1.174 secs)
[1A[2KChrome Headless 144.0.0.0 (Windows 10): Executed 201 of 799[32m SUCCESS[39m (0 secs / 1.187 secs)
[1A[2KChrome Headless 144.0.0.0 (Windows 10): Executed 202 of 799[32m SUCCESS[39m (0 secs / 1.195 secs)
[1A[2KChrome Headless 144.0.0.0 (Windows 10): Executed 203 of 799[32m SUCCESS[39m (0 secs / 1.202 secs)
[1A[2KChrome Headless 144.0.0.0 (Windows 10): Executed 204 of 799[32m SUCCESS[39m (0 secs / 1.209 secs)
[1A[2KChrome Headless 144.0.0.0 (Windows 10): Executed 205 of 799[32m SUCCESS[39m (0 secs / 1.215 secs)
[1A[2KChrome Headless 144.0.0.0 (Windows 10): Executed 206 of 799[32m SUCCESS[39m (0 secs / 1.221 secs)
[1A[2KChrome Headless 144.0.0.0 (Windows 10): Executed 207 of 799[32m SUCCESS[39m (0 secs / 1.226 secs)
[1A[2KChrome Headless 144.0.0.0 (Windows 10): Executed 208 of 799[32m SUCCESS[39m (0 secs / 1.229 secs)
[1A[2KChrome Headless 144.0.0.0 (Windows 10): Executed 209 of 799[32m SUCCESS[39m (0 secs / 1.23 secs)
[1A[2KChrome Headless 144.0.0.0 (Windows 10): Executed 210 of 799[32m SUCCESS[39m (0 secs / 1.232 secs)
[1A[2KChrome Headless 144.0.0.0 (Windows 10): Executed 211 of 799[32m SUCCESS[39m (0 secs / 1.233 secs)
[1A[2KChrome Headless 144.0.0.0 (Windows 10): Executed 212 of 799[32m SUCCESS[39m (0 secs / 1.234 secs)
[1A[2KChrome Headless 144.0.0.0 (Windows 10): Executed 213 of 799[32m SUCCESS[39m (0 secs / 1.235 secs)
[1A[2KChrome Headless 144.0.0.0 (Windows 10): Executed 214 of 799[32m SUCCESS[39m (0 secs / 1.236 secs)
[1A[2KChrome Headless 144.0.0.0 (Windows 10): Executed 215 of 799[32m SUCCESS[39m (0 secs / 1.237 secs)
[1A[2KChrome Headless 144.0.0.0 (Windows 10): Executed 216 of 799[32m SUCCESS[39m (0 secs / 1.239 secs)
[1A[2KChrome Headless 144.0.0.0 (Windows 10): Executed 217 of 799[32m SUCCESS[39m (0 secs / 1.24 secs)
[1A[2KChrome Headless 144.0.0.0 (Windows 10): Executed 218 of 799[32m SUCCESS[39m (0 secs / 1.241 secs)
[1A[2KChrome Headless 144.0.0.0 (Windows 10): Executed 219 of 799[32m SUCCESS[39m (0 secs / 1.242 secs)
[1A[2KChrome Headless 144.0.0.0 (Windows 10): Executed 220 of 799[32m SUCCESS[39m (0 secs / 1.244 secs)
[1A[2KChrome Headless 144.0.0.0 (Windows 10): Executed 221 of 799[32m SUCCESS[39m (0 secs / 1.246 secs)
[1A[2KChrome Headless 144.0.0.0 (Windows 10): Executed 222 of 799[32m SUCCESS[39m (0 secs / 1.247 secs)
[1A[2KChrome Headless 144.0.0.0 (Windows 10): Executed 223 of 799[32m SUCCESS[39m (0 secs / 1.248 secs)
[1A[2KChrome Headless 144.0.0.0 (Windows 10): Executed 224 of 799[32m SUCCESS[39m (0 secs / 1.249 secs)
[1A[2KChrome Headless 144.0.0.0 (Windows 10): Executed 225 of 799[32m SUCCESS[39m (0 secs / 1.25 secs)
[1A[2KChrome Headless 144.0.0.0 (Windows 10): Executed 226 of 799[32m SUCCESS[39m (0 secs / 1.25 secs)
[1A[2KChrome Headless 144.0.0.0 (Windows 10): Executed 227 of 799[32m SUCCESS[39m (0 secs / 1.251 secs)
[1A[2KChrome Headless 144.0.0.0 (Windows 10): Executed 228 of 799[32m SUCCESS[39m (0 secs / 1.251 secs)
[1A[2KChrome Headless 144.0.0.0 (Windows 10): Executed 229 of 799[32m SUCCESS[39m (0 secs / 1.251 secs)
[1A[2KChrome Headless 144.0.0.0 (Windows 10): Executed 230 of 799[32m SUCCESS[39m (0 secs / 1.252 secs)
[1A[2KChrome Headless 144.0.0.0 (Windows 10): Executed 231 of 799[32m SUCCESS[39m (0 secs / 1.252 secs)
[1A[2KChrome Headless 144.0.0.0 (Windows 10): Executed 232 of 799[32m SUCCESS[39m (0 secs / 1.253 secs)
[1A[2KChrome Headless 144.0.0.0 (Windows 10): Executed 233 of 799[32m SUCCESS[39m (0 secs / 1.254 secs)
[1A[2KChrome Headless 144.0.0.0 (Windows 10): Executed 234 of 799[32m SUCCESS[39m (0 secs / 1.254 secs)
[1A[2KChrome Headless 144.0.0.0 (Windows 10): Executed 235 of 799[32m SUCCESS[39m (0 secs / 1.255 secs)
[1A[2KChrome Headless 144.0.0.0 (Windows 10): Executed 236 of 799[32m SUCCESS[39m (0 secs / 1.255 secs)
[1A[2KChrome Headless 144.0.0.0 (Windows 10): Executed 237 of 799[32m SUCCESS[39m (0 secs / 1.256 secs)
[1A[2KChrome Headless 144.0.0.0 (Windows 10): Executed 238 of 799[32m SUCCESS[39m (0 secs / 1.256 secs)
[1A[2KChrome Headless 144.0.0.0 (Windows 10): Executed 239 of 799[32m SUCCESS[39m (0 secs / 1.257 secs)
[1A[2KChrome Headless 144.0.0.0 (Windows 10): Executed 240 of 799[32m SUCCESS[39m (0 secs / 1.258 secs)
[1A[2KChrome Headless 144.0.0.0 (Windows 10): Executed 241 of 799[32m SUCCESS[39m (0 secs / 1.259 secs)
[1A[2KChrome Headless 144.0.0.0 (Windows 10): Executed 242 of 799[32m SUCCESS[39m (0 secs / 1.26 secs)
[1A[2KChrome Headless 144.0.0.0 (Windows 10): Executed 243 of 799[32m SUCCESS[39m (0 secs / 1.26 secs)
[1A[2KChrome Headless 144.0.0.0 (Windows 10): Executed 244 of 799[32m SUCCESS[39m (0 secs / 1.261 secs)
[1A[2KChrome Headless 144.0.0.0 (Windows 10): Executed 245 of 799[32m SUCCESS[39m (0 secs / 1.262 secs)
[1A[2KChrome Headless 144.0.0.0 (Windows 10): Executed 246 of 799[32m SUCCESS[39m (0 secs / 1.263 secs)
[1A[2KChrome Headless 144.0.0.0 (Windows 10): Executed 247 of 799[32m SUCCESS[39m (0 secs / 1.264 secs)
[1A[2KChrome Headless 144.0.0.0 (Windows 10): Executed 248 of 799[32m SUCCESS[39m (0 secs / 1.264 secs)
[1A[2KChrome Headless 144.0.0.0 (Windows 10): Executed 249 of 799[32m SUCCESS[39m (0 secs / 1.264 secs)
[1A[2KChrome Headless 144.0.0.0 (Windows 10): Executed 250 of 799[32m SUCCESS[39m (0 secs / 1.265 secs)
[1A[2KChrome Headless 144.0.0.0 (Windows 10): Executed 251 of 799[32m SUCCESS[39m (0 secs / 1.265 secs)
[1A[2KChrome Headless 144.0.0.0 (Windows 10): Executed 252 of 799[32m SUCCESS[39m (0 secs / 1.266 secs)
[1A[2KChrome Headless 144.0.0.0 (Windows 10): Executed 253 of 799[32m SUCCESS[39m (0 secs / 1.267 secs)
[1A[2KChrome Headless 144.0.0.0 (Windows 10): Executed 254 of 799[32m SUCCESS[39m (0 secs / 1.267 secs)
[1A[2KChrome Headless 144.0.0.0 (Windows 10): Executed 255 of 799[32m SUCCESS[39m (0 secs / 1.268 secs)
[1A[2KChrome Headless 144.0.0.0 (Windows 10): Executed 256 of 799[32m SUCCESS[39m (0 secs / 1.268 secs)
[1A[2KChrome Headless 144.0.0.0 (Windows 10): Executed 257 of 799[32m SUCCESS[39m (0 secs / 1.269 secs)
[1A[2KChrome Headless 144.0.0.0 (Windows 10): Executed 258 of 799[32m SUCCESS[39m (0 secs / 1.27 secs)
[1A[2KChrome Headless 144.0.0.0 (Windows 10): Executed 259 of 799[32m SUCCESS[39m (0 secs / 1.27 secs)
[1A[2KChrome Headless 144.0.0.0 (Windows 10): Executed 260 of 799[32m SUCCESS[39m (0 secs / 1.271 secs)
[1A[2KChrome Headless 144.0.0.0 (Windows 10): Executed 261 of 799[32m SUCCESS[39m (0 secs / 1.272 secs)
[1A[2KChrome Headless 144.0.0.0 (Windows 10): Executed 262 of 799[32m SUCCESS[39m (0 secs / 1.272 secs)
[1A[2KChrome Headless 144.0.0.0 (Windows 10): Executed 263 of 799[32m SUCCESS[39m (0 secs / 1.273 secs)
[1A[2KChrome Headless 144.0.0.0 (Windows 10): Executed 264 of 799[32m SUCCESS[39m (0 secs / 1.274 secs)
[1A[2KChrome Headless 144.0.0.0 (Windows 10): Executed 265 of 799[32m SUCCESS[39m (0 secs / 1.274 secs)
[1A[2KChrome Headless 144.0.0.0 (Windows 10): Executed 266 of 799[32m SUCCESS[39m (0 secs / 1.275 secs)
[1A[2KChrome Headless 144.0.0.0 (Windows 10): Executed 267 of 799[32m SUCCESS[39m (0 secs / 1.275 secs)
[1A[2KChrome Headless 144.0.0.0 (Windows 10): Executed 268 of 799[32m SUCCESS[39m (0 secs / 1.276 secs)
[1A[2KChrome Headless 144.0.0.0 (Windows 10): Executed 269 of 799[32m SUCCESS[39m (0 secs / 1.277 secs)
[1A[2KChrome Headless 144.0.0.0 (Windows 10): Executed 270 of 799[32m SUCCESS[39m (0 secs / 1.277 secs)
[1A[2KChrome Headless 144.0.0.0 (Windows 10): Executed 271 of 799[32m SUCCESS[39m (0 secs / 1.278 secs)
[1A[2KChrome Headless 144.0.0.0 (Windows 10): Executed 272 of 799[32m SUCCESS[39m (0 secs / 1.278 secs)
[1A[2KChrome Headless 144.0.0.0 (Windows 10): Executed 273 of 799[32m SUCCESS[39m (0 secs / 1.278 secs)
[1A[2KChrome Headless 144.0.0.0 (Windows 10): Executed 274 of 799[32m SUCCESS[39m (0 secs / 1.279 secs)
[1A[2KChrome Headless 144.0.0.0 (Windows 10): Executed 275 of 799[32m SUCCESS[39m (0 secs / 1.28 secs)
[1A[2KChrome Headless 144.0.0.0 (Windows 10): Executed 276 of 799[32m SUCCESS[39m (0 secs / 1.281 secs)
[1A[2KChrome Headless 144.0.0.0 (Windows 10): Executed 277 of 799[32m SUCCESS[39m (0 secs / 1.281 secs)
[1A[2KChrome Headless 144.0.0.0 (Windows 10): Executed 278 of 799[32m SUCCESS[39m (0 secs / 1.282 secs)
[1A[2KChrome Headless 144.0.0.0 (Windows 10): Executed 279 of 799[32m SUCCESS[39m (0 secs / 1.282 secs)
[1A[2KChrome Headless 144.0.0.0 (Windows 10): Executed 280 of 799[32m SUCCESS[39m (0 secs / 1.283 secs)
[1A[2KChrome Headless 144.0.0.0 (Windows 10): Executed 281 of 799[32m SUCCESS[39m (0 secs / 1.283 secs)
[1A[2KChrome Headless 144.0.0.0 (Windows 10): Executed 282 of 799[32m SUCCESS[39m (0 secs / 1.284 secs)
[1A[2KChrome Headless 144.0.0.0 (Windows 10): Executed 283 of 799[32m SUCCESS[39m (0 secs / 1.284 secs)
[1A[2KChrome Headless 144.0.0.0 (Windows 10): Executed 284 of 799[32m SUCCESS[39m (0 secs / 1.285 secs)
[1A[2KChrome Headless 144.0.0.0 (Windows 10): Executed 285 of 799[32m SUCCESS[39m (0 secs / 1.286 secs)
[1A[2KChrome Headless 144.0.0.0 (Windows 10): Executed 286 of 799[32m SUCCESS[39m (0 secs / 1.286 secs)
[1A[2KChrome Headless 144.0.0.0 (Windows 10): Executed 287 of 799[32m SUCCESS[39m (0 secs / 1.286 secs)
[1A[2KChrome Headless 144.0.0.0 (Windows 10): Executed 288 of 799[32m SUCCESS[39m (0 secs / 1.286 secs)
[1A[2KChrome Headless 144.0.0.0 (Windows 10): Executed 289 of 799[32m SUCCESS[39m (0 secs / 1.286 secs)
[1A[2KChrome Headless 144.0.0.0 (Windows 10): Executed 290 of 799[32m SUCCESS[39m (0 secs / 1.286 secs)
[1A[2KChrome Headless 144.0.0.0 (Windows 10): Executed 291 of 799[32m SUCCESS[39m (0 secs / 1.287 secs)
[1A[2KChrome Headless 144.0.0.0 (Windows 10): Executed 292 of 799[32m SUCCESS[39m (0 secs / 1.287 secs)
[1A[2KChrome Headless 144.0.0.0 (Windows 10): Executed 293 of 799[32m SUCCESS[39m (0 secs / 1.287 secs)
[1A[2KChrome Headless 144.0.0.0 (Windows 10): Executed 294 of 799[32m SUCCESS[39m (0 secs / 1.288 secs)
[1A[2KChrome Headless 144.0.0.0 (Windows 10): Executed 295 of 799[32m SUCCESS[39m (0 secs / 1.288 secs)
[1A[2KChrome Headless 144.0.0.0 (Windows 10): Executed 296 of 799[32m SUCCESS[39m (0 secs / 1.289 secs)
[1A[2KChrome Headless 144.0.0.0 (Windows 10): Executed 297 of 799[32m SUCCESS[39m (0 secs / 1.289 secs)
[1A[2KChrome Headless 144.0.0.0 (Windows 10): Executed 298 of 799[32m SUCCESS[39m (0 secs / 1.289 secs)
[1A[2KChrome Headless 144.0.0.0 (Windows 10): Executed 299 of 799[32m SUCCESS[39m (0 secs / 1.29 secs)
[1A[2KChrome Headless 144.0.0.0 (Windows 10): Executed 300 of 799[32m SUCCESS[39m (0 secs / 1.29 secs)
[1A[2KChrome Headless 144.0.0.0 (Windows 10): Executed 301 of 799[32m SUCCESS[39m (0 secs / 1.291 secs)
[1A[2KERROR: [36m'Failed to persist action:', Error: DB error
Error: DB error
    at http://localhost:9878/base/src/app/services/action-history.service.spec.ts:425:24
    at Generator.next (<anonymous>)
    at http://localhost:9878/base/chunk-7TFVBDWB.js:98:61
    at new ZoneAwarePromise (http://localhost:9878/base/node_modules/zone.js/fesm2015/zone.js:2701:25)
    at __async (http://localhost:9878/base/chunk-7TFVBDWB.js:82:10)
    at UserContext.<anonymous> (http://localhost:9878/base/src/app/services/action-history.service.spec.ts:423:66)
    at _ZoneDelegate.invoke (http://localhost:9878/base/node_modules/zone.js/fesm2015/zone.js:398:28)
    at _ProxyZoneSpec.onInvoke (http://localhost:9878/base/node_modules/zone.js/fesm2015/zone-testing.js:2132:39)
    at _ZoneDelegate.invoke (http://localhost:9878/base/node_modules/zone.js/fesm2015/zone.js:397:34)
    at ZoneImpl.run (http://localhost:9878/base/node_modules/zone.js/fesm2015/zone.js:113:43)[39m
Chrome Headless 144.0.0.0 (Windows 10): Executed 301 of 799[32m SUCCESS[39m (0 secs / 1.291 secs)
ERROR: 'Failed to persist action:', Error: DB error
Error: DB error
    at http://localhost:9878/base/src/app/services/action-history.service.spec.ts:425:24
    at Generator.next (<anonymous>)
    at http://localhost:9878/base/chunk-7TFVBDWB.js:98:61
    at new ZoneAwarePromise (http://localhost:9878/base/node_modules/zone.js/fesm2015/zone.js:2701:25)
    at __async (http://localhost:9878/base/chunk-7TFVBDWB.js:82:10)
    at UserContext.<anonymous> (http://localhost:9878/base/src/app/services/action-history.service.spec.ts:423:66)
    at _ZoneDelegate.invoke (http://localhost:9878/base/node_modules/zone.js/fesm2015/zone.js:398:28)
    at _ProxyZoneSpec.onInvoke (http://localhost:9878/base/node_modules/zone.js/fesm2015/zone-testing.js:2132:39)
    at _ZoneDelegate.invoke (http://localhost:9878/base/node_modules/zone.js/fesm2015/zone.js:397:34)
    at ZoneImpl.run (http://localhost:9878/base/node_modules/zone.js/fesm2015/zone.js:113:43)
[1A[2KChrome Headless 144.0.0.0 (Windows 10): Executed 302 of 799[32m SUCCESS[39m (0 secs / 1.291 secs)
[1A[2KChrome Headless 144.0.0.0 (Windows 10): Executed 303 of 799[32m SUCCESS[39m (0 secs / 1.291 secs)
[1A[2KChrome Headless 144.0.0.0 (Windows 10): Executed 304 of 799[32m SUCCESS[39m (0 secs / 1.292 secs)
[1A[2KERROR: [36m'Failed to load action history from database:', Error: Load error
Error: Load error
    at http://localhost:9878/base/src/app/services/action-history.service.spec.ts:486:24
    at Generator.next (<anonymous>)
    at http://localhost:9878/base/chunk-7TFVBDWB.js:98:61
    at new ZoneAwarePromise (http://localhost:9878/base/node_modules/zone.js/fesm2015/zone.js:2701:25)
    at __async (http://localhost:9878/base/chunk-7TFVBDWB.js:82:10)
    at UserContext.<anonymous> (http://localhost:9878/base/src/app/services/action-history.service.spec.ts:484:58)
    at _ZoneDelegate.invoke (http://localhost:9878/base/node_modules/zone.js/fesm2015/zone.js:398:28)
    at _ProxyZoneSpec.onInvoke (http://localhost:9878/base/node_modules/zone.js/fesm2015/zone-testing.js:2132:39)
    at _ZoneDelegate.invoke (http://localhost:9878/base/node_modules/zone.js/fesm2015/zone.js:397:34)
    at ZoneImpl.run (http://localhost:9878/base/node_modules/zone.js/fesm2015/zone.js:113:43)[39m
Chrome Headless 144.0.0.0 (Windows 10): Executed 304 of 799[32m SUCCESS[39m (0 secs / 1.292 secs)
ERROR: 'Failed to load action history from database:', Error: Load error
Error: Load error
    at http://localhost:9878/base/src/app/services/action-history.service.spec.ts:486:24
    at Generator.next (<anonymous>)
    at http://localhost:9878/base/chunk-7TFVBDWB.js:98:61
    at new ZoneAwarePromise (http://localhost:9878/base/node_modules/zone.js/fesm2015/zone.js:2701:25)
    at __async (http://localhost:9878/base/chunk-7TFVBDWB.js:82:10)
    at UserContext.<anonymous> (http://localhost:9878/base/src/app/services/action-history.service.spec.ts:484:58)
    at _ZoneDelegate.invoke (http://localhost:9878/base/node_modules/zone.js/fesm2015/zone.js:398:28)
    at _ProxyZoneSpec.onInvoke (http://localhost:9878/base/node_modules/zone.js/fesm2015/zone-testing.js:2132:39)
    at _ZoneDelegate.invoke (http://localhost:9878/base/node_modules/zone.js/fesm2015/zone.js:397:34)
    at ZoneImpl.run (http://localhost:9878/base/node_modules/zone.js/fesm2015/zone.js:113:43)
[1A[2KChrome Headless 144.0.0.0 (Windows 10): Executed 305 of 799[32m SUCCESS[39m (0 secs / 1.303 secs)
[1A[2KChrome Headless 144.0.0.0 (Windows 10): Executed 306 of 799[32m SUCCESS[39m (0 secs / 1.304 secs)
[1A[2KChrome Headless 144.0.0.0 (Windows 10): Executed 307 of 799[32m SUCCESS[39m (0 secs / 1.305 secs)
[1A[2KChrome Headless 144.0.0.0 (Windows 10): Executed 308 of 799[32m SUCCESS[39m (0 secs / 1.306 secs)
[1A[2KChrome Headless 144.0.0.0 (Windows 10): Executed 309 of 799[32m SUCCESS[39m (0 secs / 1.306 secs)
[1A[2KChrome Headless 144.0.0.0 (Windows 10): Executed 310 of 799[32m SUCCESS[39m (0 secs / 1.307 secs)
[1A[2KChrome Headless 144.0.0.0 (Windows 10): Executed 311 of 799[32m SUCCESS[39m (0 secs / 1.308 secs)
[1A[2KChrome Headless 144.0.0.0 (Windows 10): Executed 312 of 799[32m SUCCESS[39m (0 secs / 1.308 secs)
[1A[2KChrome Headless 144.0.0.0 (Windows 10): Executed 313 of 799[32m SUCCESS[39m (0 secs / 1.309 secs)
[1A[2KChrome Headless 144.0.0.0 (Windows 10): Executed 314 of 799[32m SUCCESS[39m (0 secs / 1.309 secs)
[1A[2KChrome Headless 144.0.0.0 (Windows 10): Executed 315 of 799[32m SUCCESS[39m (0 secs / 1.309 secs)
[1A[2KChrome Headless 144.0.0.0 (Windows 10): Executed 316 of 799[32m SUCCESS[39m (0 secs / 1.31 secs)
[1A[2KChrome Headless 144.0.0.0 (Windows 10): Executed 317 of 799[32m SUCCESS[39m (0 secs / 1.31 secs)
[1A[2KChrome Headless 144.0.0.0 (Windows 10): Executed 318 of 799[32m SUCCESS[39m (0 secs / 1.311 secs)
[1A[2KChrome Headless 144.0.0.0 (Windows 10): Executed 319 of 799[32m SUCCESS[39m (0 secs / 1.311 secs)
[1A[2KChrome Headless 144.0.0.0 (Windows 10): Executed 320 of 799[32m SUCCESS[39m (0 secs / 1.312 secs)
[1A[2KChrome Headless 144.0.0.0 (Windows 10): Executed 321 of 799[32m SUCCESS[39m (0 secs / 1.312 secs)
[1A[2KChrome Headless 144.0.0.0 (Windows 10): Executed 322 of 799[32m SUCCESS[39m (0 secs / 1.322 secs)
[1A[2KChrome Headless 144.0.0.0 (Windows 10): Executed 323 of 799[32m SUCCESS[39m (0 secs / 1.332 secs)
[1A[2KChrome Headless 144.0.0.0 (Windows 10): Executed 324 of 799[32m SUCCESS[39m (0 secs / 1.345 secs)
[1A[2KChrome Headless 144.0.0.0 (Windows 10): Executed 325 of 799[32m SUCCESS[39m (0 secs / 1.355 secs)
[1A[2KChrome Headless 144.0.0.0 (Windows 10): Executed 326 of 799[32m SUCCESS[39m (0 secs / 1.366 secs)
[1A[2KChrome Headless 144.0.0.0 (Windows 10): Executed 327 of 799[32m SUCCESS[39m (0 secs / 1.378 secs)
[1A[2KChrome Headless 144.0.0.0 (Windows 10): Executed 328 of 799[32m SUCCESS[39m (0 secs / 1.389 secs)
[1A[2KChrome Headless 144.0.0.0 (Windows 10): Executed 329 of 799[32m SUCCESS[39m (0 secs / 1.399 secs)
[1A[2KChrome Headless 144.0.0.0 (Windows 10): Executed 330 of 799[32m SUCCESS[39m (0 secs / 1.411 secs)
[1A[2KChrome Headless 144.0.0.0 (Windows 10): Executed 331 of 799[32m SUCCESS[39m (0 secs / 1.421 secs)
[1A[2KChrome Headless 144.0.0.0 (Windows 10): Executed 332 of 799[32m SUCCESS[39m (0 secs / 1.431 secs)
[1A[2KChrome Headless 144.0.0.0 (Windows 10): Executed 333 of 799[32m SUCCESS[39m (0 secs / 1.443 secs)
[1A[2KChrome Headless 144.0.0.0 (Windows 10): Executed 334 of 799[32m SUCCESS[39m (0 secs / 1.454 secs)
[1A[2KChrome Headless 144.0.0.0 (Windows 10): Executed 335 of 799[32m SUCCESS[39m (0 secs / 1.465 secs)
[1A[2KChrome Headless 144.0.0.0 (Windows 10): Executed 336 of 799[32m SUCCESS[39m (0 secs / 1.478 secs)
[1A[2KChrome Headless 144.0.0.0 (Windows 10): Executed 337 of 799[32m SUCCESS[39m (0 secs / 1.489 secs)
[1A[2KChrome Headless 144.0.0.0 (Windows 10): Executed 338 of 799[32m SUCCESS[39m (0 secs / 1.5 secs)
[1A[2KChrome Headless 144.0.0.0 (Windows 10): Executed 339 of 799[32m SUCCESS[39m (0 secs / 1.511 secs)
[1A[2KChrome Headless 144.0.0.0 (Windows 10): Executed 340 of 799[32m SUCCESS[39m (0 secs / 1.522 secs)
[1A[2KChrome Headless 144.0.0.0 (Windows 10): Executed 341 of 799[32m SUCCESS[39m (0 secs / 1.532 secs)
[1A[2KChrome Headless 144.0.0.0 (Windows 10): Executed 342 of 799[32m SUCCESS[39m (0 secs / 1.544 secs)
[1A[2KChrome Headless 144.0.0.0 (Windows 10): Executed 343 of 799[32m SUCCESS[39m (0 secs / 1.555 secs)
[1A[2KChrome Headless 144.0.0.0 (Windows 10): Executed 344 of 799[32m SUCCESS[39m (0 secs / 1.577 secs)
[1A[2KChrome Headless 144.0.0.0 (Windows 10): Executed 345 of 799[32m SUCCESS[39m (0 secs / 1.588 secs)
[1A[2KChrome Headless 144.0.0.0 (Windows 10): Executed 346 of 799[32m SUCCESS[39m (0 secs / 1.599 secs)
[1A[2KChrome Headless 144.0.0.0 (Windows 10): Executed 347 of 799[32m SUCCESS[39m (0 secs / 1.606 secs)
[1A[2KChrome Headless 144.0.0.0 (Windows 10): Executed 348 of 799[32m SUCCESS[39m (0 secs / 1.609 secs)
[1A[2KChrome Headless 144.0.0.0 (Windows 10): Executed 349 of 799[32m SUCCESS[39m (0 secs / 1.612 secs)
[1A[2KChrome Headless 144.0.0.0 (Windows 10): Executed 350 of 799[32m SUCCESS[39m (0 secs / 1.615 secs)
[1A[2KChrome Headless 144.0.0.0 (Windows 10): Executed 351 of 799[32m SUCCESS[39m (0 secs / 1.618 secs)
[1A[2KChrome Headless 144.0.0.0 (Windows 10): Executed 352 of 799[32m SUCCESS[39m (0 secs / 1.621 secs)
[1A[2KChrome Headless 144.0.0.0 (Windows 10): Executed 353 of 799[32m SUCCESS[39m (0 secs / 1.623 secs)
[1A[2KChrome Headless 144.0.0.0 (Windows 10): Executed 354 of 799[32m SUCCESS[39m (0 secs / 1.626 secs)
[1A[2KChrome Headless 144.0.0.0 (Windows 10): Executed 355 of 799[32m SUCCESS[39m (0 secs / 1.629 secs)
[1A[2KChrome Headless 144.0.0.0 (Windows 10): Executed 356 of 799[32m SUCCESS[39m (0 secs / 1.631 secs)
[1A[2KChrome Headless 144.0.0.0 (Windows 10): Executed 357 of 799[32m SUCCESS[39m (0 secs / 1.635 secs)
[1A[2KChrome Headless 144.0.0.0 (Windows 10): Executed 358 of 799[32m SUCCESS[39m (0 secs / 1.638 secs)
[1A[2KChrome Headless 144.0.0.0 (Windows 10): Executed 359 of 799[32m SUCCESS[39m (0 secs / 1.641 secs)
[1A[2KChrome Headless 144.0.0.0 (Windows 10): Executed 360 of 799[32m SUCCESS[39m (0 secs / 1.644 secs)
[1A[2KChrome Headless 144.0.0.0 (Windows 10): Executed 361 of 799[32m SUCCESS[39m (0 secs / 1.647 secs)
[1A[2KChrome Headless 144.0.0.0 (Windows 10): Executed 362 of 799[32m SUCCESS[39m (0 secs / 1.65 secs)
[1A[2KChrome Headless 144.0.0.0 (Windows 10): Executed 363 of 799[32m SUCCESS[39m (0 secs / 1.652 secs)
[1A[2KChrome Headless 144.0.0.0 (Windows 10): Executed 364 of 799[32m SUCCESS[39m (0 secs / 1.655 secs)
[1A[2KChrome Headless 144.0.0.0 (Windows 10): Executed 365 of 799[32m SUCCESS[39m (0 secs / 1.657 secs)
[1A[2KChrome Headless 144.0.0.0 (Windows 10): Executed 366 of 799[32m SUCCESS[39m (0 secs / 1.659 secs)
[1A[2KChrome Headless 144.0.0.0 (Windows 10): Executed 367 of 799[32m SUCCESS[39m (0 secs / 1.661 secs)
[1A[2KChrome Headless 144.0.0.0 (Windows 10): Executed 368 of 799[32m SUCCESS[39m (0 secs / 1.664 secs)
[1A[2KChrome Headless 144.0.0.0 (Windows 10): Executed 369 of 799[32m SUCCESS[39m (0 secs / 1.666 secs)
[1A[2KChrome Headless 144.0.0.0 (Windows 10): Executed 370 of 799[32m SUCCESS[39m (0 secs / 1.668 secs)
[1A[2KChrome Headless 144.0.0.0 (Windows 10): Executed 371 of 799[32m SUCCESS[39m (0 secs / 1.67 secs)
[1A[2KChrome Headless 144.0.0.0 (Windows 10): Executed 372 of 799[32m SUCCESS[39m (0 secs / 1.672 secs)
[1A[2KChrome Headless 144.0.0.0 (Windows 10): Executed 373 of 799[32m SUCCESS[39m (0 secs / 1.675 secs)
[1A[2KChrome Headless 144.0.0.0 (Windows 10): Executed 374 of 799[32m SUCCESS[39m (0 secs / 1.677 secs)
[1A[2KChrome Headless 144.0.0.0 (Windows 10): Executed 375 of 799[32m SUCCESS[39m (0 secs / 1.68 secs)
[1A[2KChrome Headless 144.0.0.0 (Windows 10): Executed 376 of 799[32m SUCCESS[39m (0 secs / 1.683 secs)
[1A[2KChrome Headless 144.0.0.0 (Windows 10): Executed 377 of 799[32m SUCCESS[39m (0 secs / 1.686 secs)
[1A[2KChrome Headless 144.0.0.0 (Windows 10): Executed 378 of 799[32m SUCCESS[39m (0 secs / 1.689 secs)
[1A[2KChrome Headless 144.0.0.0 (Windows 10): Executed 379 of 799[32m SUCCESS[39m (0 secs / 1.691 secs)
[1A[2KChrome Headless 144.0.0.0 (Windows 10): Executed 380 of 799[32m SUCCESS[39m (0 secs / 1.693 secs)
[1A[2KChrome Headless 144.0.0.0 (Windows 10): Executed 381 of 799[32m SUCCESS[39m (0 secs / 1.694 secs)
[1A[2KChrome Headless 144.0.0.0 (Windows 10): Executed 382 of 799[32m SUCCESS[39m (0 secs / 1.695 secs)
[1A[2KChrome Headless 144.0.0.0 (Windows 10): Executed 383 of 799[32m SUCCESS[39m (0 secs / 1.695 secs)
[1A[2KChrome Headless 144.0.0.0 (Windows 10): Executed 384 of 799[32m SUCCESS[39m (0 secs / 1.696 secs)
[1A[2KChrome Headless 144.0.0.0 (Windows 10): Executed 385 of 799[32m SUCCESS[39m (0 secs / 1.696 secs)
[1A[2KChrome Headless 144.0.0.0 (Windows 10): Executed 386 of 799[32m SUCCESS[39m (0 secs / 1.696 secs)
[1A[2KChrome Headless 144.0.0.0 (Windows 10): Executed 387 of 799[32m SUCCESS[39m (0 secs / 1.701 secs)
[1A[2KChrome Headless 144.0.0.0 (Windows 10): Executed 388 of 799[32m SUCCESS[39m (0 secs / 1.702 secs)
[1A[2KChrome Headless 144.0.0.0 (Windows 10): Executed 389 of 799[32m SUCCESS[39m (0 secs / 1.703 secs)
[1A[2KChrome Headless 144.0.0.0 (Windows 10): Executed 390 of 799[32m SUCCESS[39m (0 secs / 1.704 secs)
[1A[2KChrome Headless 144.0.0.0 (Windows 10): Executed 391 of 799[32m SUCCESS[39m (0 secs / 1.706 secs)
[1A[2KChrome Headless 144.0.0.0 (Windows 10): Executed 392 of 799[32m SUCCESS[39m (0 secs / 1.707 secs)
[1A[2KChrome Headless 144.0.0.0 (Windows 10): Executed 393 of 799[32m SUCCESS[39m (0 secs / 1.708 secs)
[1A[2KChrome Headless 144.0.0.0 (Windows 10): Executed 394 of 799[32m SUCCESS[39m (0 secs / 1.709 secs)
[1A[2KChrome Headless 144.0.0.0 (Windows 10): Executed 395 of 799[32m SUCCESS[39m (0 secs / 1.719 secs)
[1A[2KChrome Headless 144.0.0.0 (Windows 10): Executed 396 of 799[32m SUCCESS[39m (0 secs / 1.72 secs)
[1A[2KChrome Headless 144.0.0.0 (Windows 10): Executed 397 of 799[32m SUCCESS[39m (0 secs / 1.721 secs)
[1A[2KChrome Headless 144.0.0.0 (Windows 10): Executed 398 of 799[32m SUCCESS[39m (0 secs / 1.722 secs)
[1A[2KChrome Headless 144.0.0.0 (Windows 10): Executed 399 of 799[32m SUCCESS[39m (0 secs / 1.723 secs)
[1A[2KChrome Headless 144.0.0.0 (Windows 10): Executed 400 of 799[32m SUCCESS[39m (0 secs / 1.724 secs)
[1A[2KChrome Headless 144.0.0.0 (Windows 10): Executed 401 of 799[32m SUCCESS[39m (0 secs / 1.726 secs)
[1A[2KChrome Headless 144.0.0.0 (Windows 10): Executed 402 of 799[32m SUCCESS[39m (0 secs / 1.727 secs)
[1A[2KChrome Headless 144.0.0.0 (Windows 10): Executed 403 of 799[32m SUCCESS[39m (0 secs / 1.732 secs)
[1A[2KChrome Headless 144.0.0.0 (Windows 10): Executed 404 of 799[32m SUCCESS[39m (0 secs / 1.734 secs)
[1A[2KChrome Headless 144.0.0.0 (Windows 10): Executed 405 of 799[32m SUCCESS[39m (0 secs / 1.736 secs)
[1A[2KChrome Headless 144.0.0.0 (Windows 10): Executed 406 of 799[32m SUCCESS[39m (0 secs / 1.738 secs)
[1A[2KChrome Headless 144.0.0.0 (Windows 10): Executed 407 of 799[32m SUCCESS[39m (0 secs / 1.74 secs)
[1A[2KChrome Headless 144.0.0.0 (Windows 10): Executed 408 of 799[32m SUCCESS[39m (0 secs / 1.742 secs)
[1A[2KChrome Headless 144.0.0.0 (Windows 10): Executed 409 of 799[32m SUCCESS[39m (0 secs / 1.744 secs)
[1A[2KChrome Headless 144.0.0.0 (Windows 10): Executed 410 of 799[32m SUCCESS[39m (0 secs / 1.746 secs)
[1A[2KChrome Headless 144.0.0.0 (Windows 10): Executed 411 of 799[32m SUCCESS[39m (0 secs / 1.748 secs)
[1A[2KChrome Headless 144.0.0.0 (Windows 10): Executed 412 of 799[32m SUCCESS[39m (0 secs / 1.752 secs)
[1A[2KChrome Headless 144.0.0.0 (Windows 10): Executed 413 of 799[32m SUCCESS[39m (0 secs / 1.752 secs)
[1A[2KChrome Headless 144.0.0.0 (Windows 10): Executed 414 of 799[32m SUCCESS[39m (0 secs / 1.753 secs)
[1A[2KChrome Headless 144.0.0.0 (Windows 10): Executed 415 of 799[32m SUCCESS[39m (0 secs / 1.753 secs)
[1A[2KChrome Headless 144.0.0.0 (Windows 10): Executed 416 of 799[32m SUCCESS[39m (0 secs / 1.753 secs)
[1A[2KChrome Headless 144.0.0.0 (Windows 10): Executed 417 of 799[32m SUCCESS[39m (0 secs / 1.754 secs)
[1A[2KChrome Headless 144.0.0.0 (Windows 10): Executed 418 of 799[32m SUCCESS[39m (0 secs / 1.754 secs)
[1A[2KChrome Headless 144.0.0.0 (Windows 10): Executed 419 of 799[32m SUCCESS[39m (0 secs / 1.755 secs)
[1A[2KChrome Headless 144.0.0.0 (Windows 10): Executed 420 of 799[32m SUCCESS[39m (0 secs / 1.755 secs)
[1A[2KChrome Headless 144.0.0.0 (Windows 10): Executed 421 of 799[32m SUCCESS[39m (0 secs / 1.756 secs)
[1A[2KChrome Headless 144.0.0.0 (Windows 10): Executed 422 of 799[32m SUCCESS[39m (0 secs / 1.756 secs)
[1A[2KChrome Headless 144.0.0.0 (Windows 10): Executed 423 of 799[32m SUCCESS[39m (0 secs / 1.757 secs)
[1A[2KChrome Headless 144.0.0.0 (Windows 10): Executed 424 of 799[32m SUCCESS[39m (0 secs / 1.768 secs)
[1A[2KChrome Headless 144.0.0.0 (Windows 10): Executed 425 of 799[32m SUCCESS[39m (0 secs / 1.776 secs)
[1A[2KChrome Headless 144.0.0.0 (Windows 10): Executed 426 of 799[32m SUCCESS[39m (0 secs / 1.785 secs)
[1A[2KChrome Headless 144.0.0.0 (Windows 10): Executed 427 of 799[32m SUCCESS[39m (0 secs / 1.792 secs)
[1A[2KChrome Headless 144.0.0.0 (Windows 10): Executed 428 of 799[32m SUCCESS[39m (0 secs / 1.8 secs)
[1A[2KChrome Headless 144.0.0.0 (Windows 10): Executed 429 of 799[32m SUCCESS[39m (0 secs / 1.807 secs)
[1A[2KChrome Headless 144.0.0.0 (Windows 10): Executed 430 of 799[32m SUCCESS[39m (0 secs / 1.815 secs)
[1A[2KChrome Headless 144.0.0.0 (Windows 10): Executed 431 of 799[32m SUCCESS[39m (0 secs / 1.822 secs)
[1A[2KChrome Headless 144.0.0.0 (Windows 10): Executed 432 of 799[32m SUCCESS[39m (0 secs / 1.83 secs)
[1A[2KChrome Headless 144.0.0.0 (Windows 10): Executed 433 of 799[32m SUCCESS[39m (0 secs / 1.837 secs)
[1A[2KChrome Headless 144.0.0.0 (Windows 10): Executed 434 of 799[32m SUCCESS[39m (0 secs / 1.844 secs)
[1A[2KChrome Headless 144.0.0.0 (Windows 10): Executed 435 of 799[32m SUCCESS[39m (0 secs / 1.851 secs)
[1A[2KChrome Headless 144.0.0.0 (Windows 10): Executed 436 of 799[32m SUCCESS[39m (0 secs / 1.857 secs)
[1A[2KChrome Headless 144.0.0.0 (Windows 10): Executed 437 of 799[32m SUCCESS[39m (0 secs / 1.863 secs)
[1A[2KChrome Headless 144.0.0.0 (Windows 10): Executed 438 of 799[32m SUCCESS[39m (0 secs / 1.871 secs)
[1A[2KChrome Headless 144.0.0.0 (Windows 10): Executed 439 of 799[32m SUCCESS[39m (0 secs / 1.877 secs)
[1A[2KChrome Headless 144.0.0.0 (Windows 10): Executed 440 of 799[32m SUCCESS[39m (0 secs / 1.884 secs)
[1A[2KChrome Headless 144.0.0.0 (Windows 10): Executed 441 of 799[32m SUCCESS[39m (0 secs / 1.891 secs)
[1A[2KChrome Headless 144.0.0.0 (Windows 10): Executed 442 of 799[32m SUCCESS[39m (0 secs / 1.898 secs)
[1A[2KChrome Headless 144.0.0.0 (Windows 10): Executed 443 of 799[32m SUCCESS[39m (0 secs / 1.906 secs)
[1A[2KChrome Headless 144.0.0.0 (Windows 10): Executed 444 of 799[32m SUCCESS[39m (0 secs / 1.913 secs)
[1A[2KChrome Headless 144.0.0.0 (Windows 10): Executed 445 of 799[32m SUCCESS[39m (0 secs / 1.92 secs)
[1A[2KChrome Headless 144.0.0.0 (Windows 10): Executed 446 of 799[32m SUCCESS[39m (0 secs / 1.926 secs)
[1A[2KChrome Headless 144.0.0.0 (Windows 10): Executed 447 of 799[32m SUCCESS[39m (0 secs / 1.937 secs)
[1A[2KChrome Headless 144.0.0.0 (Windows 10): Executed 448 of 799[32m SUCCESS[39m (0 secs / 1.947 secs)
[1A[2KChrome Headless 144.0.0.0 (Windows 10): Executed 449 of 799[32m SUCCESS[39m (0 secs / 1.956 secs)
[1A[2KChrome Headless 144.0.0.0 (Windows 10): Executed 450 of 799[32m SUCCESS[39m (0 secs / 1.965 secs)
[1A[2KChrome Headless 144.0.0.0 (Windows 10): Executed 451 of 799[32m SUCCESS[39m (0 secs / 1.974 secs)
[1A[2KChrome Headless 144.0.0.0 (Windows 10): Executed 452 of 799[32m SUCCESS[39m (0 secs / 1.983 secs)
[1A[2KChrome Headless 144.0.0.0 (Windows 10): Executed 453 of 799[32m SUCCESS[39m (0 secs / 1.992 secs)
[1A[2KChrome Headless 144.0.0.0 (Windows 10): Executed 454 of 799[32m SUCCESS[39m (0 secs / 2.002 secs)
[1A[2KChrome Headless 144.0.0.0 (Windows 10): Executed 455 of 799[32m SUCCESS[39m (0 secs / 2.011 secs)
[1A[2KChrome Headless 144.0.0.0 (Windows 10): Executed 456 of 799[32m SUCCESS[39m (0 secs / 2.023 secs)
[1A[2KChrome Headless 144.0.0.0 (Windows 10): Executed 457 of 799[32m SUCCESS[39m (0 secs / 2.033 secs)
[1A[2KChrome Headless 144.0.0.0 (Windows 10): Executed 458 of 799[32m SUCCESS[39m (0 secs / 2.042 secs)
[1A[2KChrome Headless 144.0.0.0 (Windows 10): Executed 459 of 799[32m SUCCESS[39m (0 secs / 2.05 secs)
[1A[2KChrome Headless 144.0.0.0 (Windows 10): Executed 460 of 799[32m SUCCESS[39m (0 secs / 2.06 secs)
[1A[2KChrome Headless 144.0.0.0 (Windows 10): Executed 461 of 799[32m SUCCESS[39m (0 secs / 2.068 secs)
[1A[2KChrome Headless 144.0.0.0 (Windows 10): Executed 462 of 799[32m SUCCESS[39m (0 secs / 2.077 secs)
[1A[2KChrome Headless 144.0.0.0 (Windows 10): Executed 463 of 799[32m SUCCESS[39m (0 secs / 2.086 secs)
[1A[2KChrome Headless 144.0.0.0 (Windows 10): Executed 464 of 799[32m SUCCESS[39m (0 secs / 2.096 secs)
[1A[2KChrome Headless 144.0.0.0 (Windows 10): Executed 465 of 799[32m SUCCESS[39m (0 secs / 2.105 secs)
[1A[2KChrome Headless 144.0.0.0 (Windows 10): Executed 466 of 799[32m SUCCESS[39m (0 secs / 2.113 secs)
[1A[2KChrome Headless 144.0.0.0 (Windows 10): Executed 467 of 799[32m SUCCESS[39m (0 secs / 2.123 secs)
[1A[2KChrome Headless 144.0.0.0 (Windows 10): Executed 468 of 799[32m SUCCESS[39m (0 secs / 2.132 secs)
[1A[2KChrome Headless 144.0.0.0 (Windows 10): Executed 469 of 799[32m SUCCESS[39m (0 secs / 2.142 secs)
[1A[2KChrome Headless 144.0.0.0 (Windows 10): Executed 470 of 799[32m SUCCESS[39m (0 secs / 2.152 secs)
[1A[2KChrome Headless 144.0.0.0 (Windows 10): Executed 471 of 799[32m SUCCESS[39m (0 secs / 2.161 secs)
[1A[2KChrome Headless 144.0.0.0 (Windows 10): Executed 472 of 799[32m SUCCESS[39m (0 secs / 2.169 secs)
[1A[2KChrome Headless 144.0.0.0 (Windows 10): Executed 473 of 799[32m SUCCESS[39m (0 secs / 2.178 secs)
[1A[2KChrome Headless 144.0.0.0 (Windows 10): Executed 474 of 799[32m SUCCESS[39m (0 secs / 2.186 secs)
[1A[2KChrome Headless 144.0.0.0 (Windows 10): Executed 475 of 799[32m SUCCESS[39m (0 secs / 2.195 secs)
[1A[2KChrome Headless 144.0.0.0 (Windows 10): Executed 476 of 799[32m SUCCESS[39m (0 secs / 2.211 secs)
[1A[2KChrome Headless 144.0.0.0 (Windows 10): Executed 477 of 799[32m SUCCESS[39m (0 secs / 2.223 secs)
[1A[2KChrome Headless 144.0.0.0 (Windows 10): Executed 478 of 799[32m SUCCESS[39m (0 secs / 2.232 secs)
[1A[2KChrome Headless 144.0.0.0 (Windows 10): Executed 479 of 799[32m SUCCESS[39m (0 secs / 2.242 secs)
[1A[2KChrome Headless 144.0.0.0 (Windows 10): Executed 480 of 799[32m SUCCESS[39m (0 secs / 2.251 secs)
[1A[2KChrome Headless 144.0.0.0 (Windows 10): Executed 481 of 799[32m SUCCESS[39m (0 secs / 2.26 secs)
[1A[2KChrome Headless 144.0.0.0 (Windows 10): Executed 482 of 799[32m SUCCESS[39m (0 secs / 2.269 secs)
[1A[2KChrome Headless 144.0.0.0 (Windows 10): Executed 483 of 799[32m SUCCESS[39m (0 secs / 2.278 secs)
[1A[2KChrome Headless 144.0.0.0 (Windows 10): Executed 484 of 799[32m SUCCESS[39m (0 secs / 2.287 secs)
[1A[2KChrome Headless 144.0.0.0 (Windows 10): Executed 485 of 799[32m SUCCESS[39m (0 secs / 2.29 secs)
[1A[2KChrome Headless 144.0.0.0 (Windows 10): Executed 486 of 799[32m SUCCESS[39m (0 secs / 2.292 secs)
[1A[2KChrome Headless 144.0.0.0 (Windows 10): Executed 487 of 799[32m SUCCESS[39m (0 secs / 2.294 secs)
[1A[2KChrome Headless 144.0.0.0 (Windows 10): Executed 488 of 799[32m SUCCESS[39m (0 secs / 2.295 secs)
[1A[2KChrome Headless 144.0.0.0 (Windows 10): Executed 489 of 799[32m SUCCESS[39m (0 secs / 2.296 secs)
[1A[2KChrome Headless 144.0.0.0 (Windows 10): Executed 490 of 799[32m SUCCESS[39m (0 secs / 2.298 secs)
[1A[2KChrome Headless 144.0.0.0 (Windows 10): Executed 491 of 799[32m SUCCESS[39m (0 secs / 2.3 secs)
[1A[2KChrome Headless 144.0.0.0 (Windows 10): Executed 492 of 799[32m SUCCESS[39m (0 secs / 2.308 secs)
[1A[2KChrome Headless 144.0.0.0 (Windows 10): Executed 493 of 799[32m SUCCESS[39m (0 secs / 2.309 secs)
[1A[2KChrome Headless 144.0.0.0 (Windows 10): Executed 494 of 799[32m SUCCESS[39m (0 secs / 2.311 secs)
[1A[2KChrome Headless 144.0.0.0 (Windows 10): Executed 495 of 799[32m SUCCESS[39m (0 secs / 2.312 secs)
[1A[2KERROR: [36m'Failed to load stats:', Error: fail
Error: fail
    at http://localhost:9878/base/src/app/pages/open-home/open-home.spec.ts:290:24
    at Generator.next (<anonymous>)
    at http://localhost:9878/base/chunk-7TFVBDWB.js:98:61
    at new ZoneAwarePromise (http://localhost:9878/base/node_modules/zone.js/fesm2015/zone.js:2701:25)
    at __async (http://localhost:9878/base/chunk-7TFVBDWB.js:82:10)
    at UserContext.<anonymous> (http://localhost:9878/base/src/app/pages/open-home/open-home.spec.ts:288:54)
    at _ZoneDelegate.invoke (http://localhost:9878/base/node_modules/zone.js/fesm2015/zone.js:398:28)
    at _ProxyZoneSpec.onInvoke (http://localhost:9878/base/node_modules/zone.js/fesm2015/zone-testing.js:2132:39)
    at _ZoneDelegate.invoke (http://localhost:9878/base/node_modules/zone.js/fesm2015/zone.js:397:34)
    at ZoneImpl.run (http://localhost:9878/base/node_modules/zone.js/fesm2015/zone.js:113:43)[39m
Chrome Headless 144.0.0.0 (Windows 10): Executed 495 of 799[32m SUCCESS[39m (0 secs / 2.312 secs)
ERROR: 'Failed to load stats:', Error: fail
Error: fail
    at http://localhost:9878/base/src/app/pages/open-home/open-home.spec.ts:290:24
    at Generator.next (<anonymous>)
    at http://localhost:9878/base/chunk-7TFVBDWB.js:98:61
    at new ZoneAwarePromise (http://localhost:9878/base/node_modules/zone.js/fesm2015/zone.js:2701:25)
    at __async (http://localhost:9878/base/chunk-7TFVBDWB.js:82:10)
    at UserContext.<anonymous> (http://localhost:9878/base/src/app/pages/open-home/open-home.spec.ts:288:54)
    at _ZoneDelegate.invoke (http://localhost:9878/base/node_modules/zone.js/fesm2015/zone.js:398:28)
    at _ProxyZoneSpec.onInvoke (http://localhost:9878/base/node_modules/zone.js/fesm2015/zone-testing.js:2132:39)
    at _ZoneDelegate.invoke (http://localhost:9878/base/node_modules/zone.js/fesm2015/zone.js:397:34)
    at ZoneImpl.run (http://localhost:9878/base/node_modules/zone.js/fesm2015/zone.js:113:43)
[1A[2KChrome Headless 144.0.0.0 (Windows 10): Executed 496 of 799[32m SUCCESS[39m (0 secs / 2.314 secs)
[1A[2KChrome Headless 144.0.0.0 (Windows 10): Executed 497 of 799[32m SUCCESS[39m (0 secs / 2.315 secs)
[1A[2KChrome Headless 144.0.0.0 (Windows 10): Executed 498 of 799[32m SUCCESS[39m (0 secs / 2.317 secs)
[1A[2KChrome Headless 144.0.0.0 (Windows 10): Executed 499 of 799[32m SUCCESS[39m (0 secs / 2.318 secs)
[1A[2KChrome Headless 144.0.0.0 (Windows 10): Executed 500 of 799[32m SUCCESS[39m (0 secs / 2.319 secs)
[1A[2KChrome Headless 144.0.0.0 (Windows 10): Executed 501 of 799[32m SUCCESS[39m (0 secs / 2.32 secs)
[1A[2KChrome Headless 144.0.0.0 (Windows 10): Executed 502 of 799[32m SUCCESS[39m (0 secs / 2.321 secs)
[1A[2KChrome Headless 144.0.0.0 (Windows 10): Executed 503 of 799[32m SUCCESS[39m (0 secs / 2.322 secs)
[1A[2KChrome Headless 144.0.0.0 (Windows 10): Executed 504 of 799[32m SUCCESS[39m (0 secs / 2.323 secs)
[1A[2KChrome Headless 144.0.0.0 (Windows 10): Executed 505 of 799[32m SUCCESS[39m (0 secs / 2.324 secs)
[1A[2KChrome Headless 144.0.0.0 (Windows 10): Executed 506 of 799[32m SUCCESS[39m (0 secs / 2.325 secs)
[1A[2KChrome Headless 144.0.0.0 (Windows 10): Executed 507 of 799[32m SUCCESS[39m (0 secs / 2.327 secs)
[1A[2KChrome Headless 144.0.0.0 (Windows 10): Executed 508 of 799[32m SUCCESS[39m (0 secs / 2.328 secs)
[1A[2KChrome Headless 144.0.0.0 (Windows 10): Executed 509 of 799[32m SUCCESS[39m (0 secs / 2.33 secs)
[1A[2KChrome Headless 144.0.0.0 (Windows 10): Executed 510 of 799[32m SUCCESS[39m (0 secs / 2.331 secs)
[1A[2KChrome Headless 144.0.0.0 (Windows 10): Executed 511 of 799[32m SUCCESS[39m (0 secs / 2.333 secs)
[1A[2KChrome Headless 144.0.0.0 (Windows 10): Executed 512 of 799[32m SUCCESS[39m (0 secs / 2.335 secs)
[1A[2KERROR: [36m'Failed to load projects:', Error: fail
Error: fail
    at http://localhost:9878/base/src/app/pages/open-home/open-home.spec.ts:230:24
    at Generator.next (<anonymous>)
    at http://localhost:9878/base/chunk-7TFVBDWB.js:98:61
    at new ZoneAwarePromise (http://localhost:9878/base/node_modules/zone.js/fesm2015/zone.js:2701:25)
    at __async (http://localhost:9878/base/chunk-7TFVBDWB.js:82:10)
    at UserContext.<anonymous> (http://localhost:9878/base/src/app/pages/open-home/open-home.spec.ts:228:54)
    at _ZoneDelegate.invoke (http://localhost:9878/base/node_modules/zone.js/fesm2015/zone.js:398:28)
    at _ProxyZoneSpec.onInvoke (http://localhost:9878/base/node_modules/zone.js/fesm2015/zone-testing.js:2132:39)
    at _ZoneDelegate.invoke (http://localhost:9878/base/node_modules/zone.js/fesm2015/zone.js:397:34)
    at ZoneImpl.run (http://localhost:9878/base/node_modules/zone.js/fesm2015/zone.js:113:43)[39m
Chrome Headless 144.0.0.0 (Windows 10): Executed 512 of 799[32m SUCCESS[39m (0 secs / 2.335 secs)
ERROR: 'Failed to load projects:', Error: fail
Error: fail
    at http://localhost:9878/base/src/app/pages/open-home/open-home.spec.ts:230:24
    at Generator.next (<anonymous>)
    at http://localhost:9878/base/chunk-7TFVBDWB.js:98:61
    at new ZoneAwarePromise (http://localhost:9878/base/node_modules/zone.js/fesm2015/zone.js:2701:25)
    at __async (http://localhost:9878/base/chunk-7TFVBDWB.js:82:10)
    at UserContext.<anonymous> (http://localhost:9878/base/src/app/pages/open-home/open-home.spec.ts:228:54)
    at _ZoneDelegate.invoke (http://localhost:9878/base/node_modules/zone.js/fesm2015/zone.js:398:28)
    at _ProxyZoneSpec.onInvoke (http://localhost:9878/base/node_modules/zone.js/fesm2015/zone-testing.js:2132:39)
    at _ZoneDelegate.invoke (http://localhost:9878/base/node_modules/zone.js/fesm2015/zone.js:397:34)
    at ZoneImpl.run (http://localhost:9878/base/node_modules/zone.js/fesm2015/zone.js:113:43)
[1A[2KChrome Headless 144.0.0.0 (Windows 10): Executed 513 of 799[32m SUCCESS[39m (0 secs / 2.336 secs)
[1A[2KChrome Headless 144.0.0.0 (Windows 10): Executed 514 of 799[32m SUCCESS[39m (0 secs / 2.337 secs)
[1A[2KChrome Headless 144.0.0.0 (Windows 10): Executed 515 of 799[32m SUCCESS[39m (0 secs / 2.338 secs)
[1A[2KChrome Headless 144.0.0.0 (Windows 10): Executed 516 of 799[32m SUCCESS[39m (0 secs / 2.34 secs)
[1A[2KChrome Headless 144.0.0.0 (Windows 10): Executed 517 of 799[32m SUCCESS[39m (0 secs / 2.342 secs)
[1A[2KChrome Headless 144.0.0.0 (Windows 10): Executed 518 of 799[32m SUCCESS[39m (0 secs / 2.343 secs)
[1A[2KChrome Headless 144.0.0.0 (Windows 10): Executed 519 of 799[32m SUCCESS[39m (0 secs / 2.345 secs)
[1A[2KChrome Headless 144.0.0.0 (Windows 10): Executed 520 of 799[32m SUCCESS[39m (0 secs / 2.346 secs)
[1A[2KChrome Headless 144.0.0.0 (Windows 10): Executed 521 of 799[32m SUCCESS[39m (0 secs / 2.347 secs)
[1A[2KChrome Headless 144.0.0.0 (Windows 10): Executed 522 of 799[32m SUCCESS[39m (0 secs / 2.348 secs)
[1A[2KChrome Headless 144.0.0.0 (Windows 10): Executed 523 of 799[32m SUCCESS[39m (0 secs / 2.349 secs)
[1A[2KChrome Headless 144.0.0.0 (Windows 10): Executed 524 of 799[32m SUCCESS[39m (0 secs / 2.35 secs)
[1A[2KChrome Headless 144.0.0.0 (Windows 10): Executed 525 of 799[32m SUCCESS[39m (0 secs / 2.352 secs)
[1A[2KChrome Headless 144.0.0.0 (Windows 10): Executed 526 of 799[32m SUCCESS[39m (0 secs / 2.353 secs)
[1A[2KChrome Headless 144.0.0.0 (Windows 10): Executed 527 of 799[32m SUCCESS[39m (0 secs / 2.354 secs)
[1A[2KChrome Headless 144.0.0.0 (Windows 10): Executed 528 of 799[32m SUCCESS[39m (0 secs / 2.354 secs)
[1A[2KChrome Headless 144.0.0.0 (Windows 10): Executed 529 of 799[32m SUCCESS[39m (0 secs / 2.36 secs)
[1A[2KChrome Headless 144.0.0.0 (Windows 10): Executed 530 of 799[32m SUCCESS[39m (0 secs / 2.361 secs)
[1A[2KChrome Headless 144.0.0.0 (Windows 10): Executed 531 of 799[32m SUCCESS[39m (0 secs / 2.362 secs)
[1A[2KChrome Headless 144.0.0.0 (Windows 10): Executed 532 of 799[32m SUCCESS[39m (0 secs / 2.363 secs)
[1A[2KChrome Headless 144.0.0.0 (Windows 10): Executed 533 of 799[32m SUCCESS[39m (0 secs / 2.363 secs)
[1A[2KChrome Headless 144.0.0.0 (Windows 10): Executed 534 of 799[32m SUCCESS[39m (0 secs / 2.364 secs)
[1A[2KChrome Headless 144.0.0.0 (Windows 10): Executed 535 of 799[32m SUCCESS[39m (0 secs / 2.365 secs)
[1A[2KChrome Headless 144.0.0.0 (Windows 10): Executed 536 of 799[32m SUCCESS[39m (0 secs / 2.365 secs)
[1A[2KChrome Headless 144.0.0.0 (Windows 10): Executed 537 of 799[32m SUCCESS[39m (0 secs / 2.366 secs)
[1A[2KChrome Headless 144.0.0.0 (Windows 10): Executed 538 of 799[32m SUCCESS[39m (0 secs / 2.367 secs)
[1A[2KChrome Headless 144.0.0.0 (Windows 10): Executed 539 of 799[32m SUCCESS[39m (0 secs / 2.367 secs)
[1A[2KChrome Headless 144.0.0.0 (Windows 10): Executed 540 of 799[32m SUCCESS[39m (0 secs / 2.367 secs)
[1A[2KChrome Headless 144.0.0.0 (Windows 10): Executed 541 of 799[32m SUCCESS[39m (0 secs / 2.368 secs)
[1A[2KChrome Headless 144.0.0.0 (Windows 10): Executed 542 of 799[32m SUCCESS[39m (0 secs / 2.369 secs)
[1A[2KChrome Headless 144.0.0.0 (Windows 10): Executed 543 of 799[32m SUCCESS[39m (0 secs / 2.37 secs)
[1A[2KChrome Headless 144.0.0.0 (Windows 10): Executed 544 of 799[32m SUCCESS[39m (0 secs / 2.371 secs)
[1A[2KChrome Headless 144.0.0.0 (Windows 10): Executed 545 of 799[32m SUCCESS[39m (0 secs / 2.372 secs)
[1A[2KChrome Headless 144.0.0.0 (Windows 10): Executed 546 of 799[32m SUCCESS[39m (0 secs / 2.372 secs)
[1A[2KChrome Headless 144.0.0.0 (Windows 10): Executed 547 of 799[32m SUCCESS[39m (0 secs / 2.373 secs)
[1A[2KChrome Headless 144.0.0.0 (Windows 10): Executed 548 of 799[32m SUCCESS[39m (0 secs / 2.374 secs)
[1A[2KChrome Headless 144.0.0.0 (Windows 10): Executed 549 of 799[32m SUCCESS[39m (0 secs / 2.374 secs)
[1A[2KChrome Headless 144.0.0.0 (Windows 10): Executed 550 of 799[32m SUCCESS[39m (0 secs / 2.374 secs)
[1A[2KChrome Headless 144.0.0.0 (Windows 10): Executed 551 of 799[32m SUCCESS[39m (0 secs / 2.375 secs)
[1A[2KChrome Headless 144.0.0.0 (Windows 10): Executed 552 of 799[32m SUCCESS[39m (0 secs / 2.375 secs)
[1A[2KChrome Headless 144.0.0.0 (Windows 10): Executed 553 of 799[32m SUCCESS[39m (0 secs / 2.375 secs)
[1A[2KChrome Headless 144.0.0.0 (Windows 10): Executed 554 of 799[32m SUCCESS[39m (0 secs / 2.376 secs)
[1A[2KChrome Headless 144.0.0.0 (Windows 10): Executed 555 of 799[32m SUCCESS[39m (0 secs / 2.376 secs)
[1A[2KChrome Headless 144.0.0.0 (Windows 10): Executed 556 of 799[32m SUCCESS[39m (0 secs / 2.376 secs)
[1A[2KChrome Headless 144.0.0.0 (Windows 10): Executed 557 of 799[32m SUCCESS[39m (0 secs / 2.377 secs)
[1A[2KChrome Headless 144.0.0.0 (Windows 10): Executed 558 of 799[32m SUCCESS[39m (0 secs / 2.377 secs)
[1A[2KChrome Headless 144.0.0.0 (Windows 10): Executed 559 of 799[32m SUCCESS[39m (0 secs / 2.378 secs)
[1A[2KChrome Headless 144.0.0.0 (Windows 10): Executed 560 of 799[32m SUCCESS[39m (0 secs / 2.379 secs)
[1A[2KChrome Headless 144.0.0.0 (Windows 10): Executed 561 of 799[32m SUCCESS[39m (0 secs / 2.38 secs)
[1A[2KChrome Headless 144.0.0.0 (Windows 10): Executed 562 of 799[32m SUCCESS[39m (0 secs / 2.38 secs)
[1A[2KChrome Headless 144.0.0.0 (Windows 10): Executed 563 of 799[32m SUCCESS[39m (0 secs / 2.381 secs)
[1A[2KChrome Headless 144.0.0.0 (Windows 10): Executed 564 of 799[32m SUCCESS[39m (0 secs / 2.382 secs)
[1A[2KChrome Headless 144.0.0.0 (Windows 10): Executed 565 of 799[32m SUCCESS[39m (0 secs / 2.382 secs)
[1A[2KChrome Headless 144.0.0.0 (Windows 10): Executed 566 of 799[32m SUCCESS[39m (0 secs / 2.383 secs)
[1A[2KChrome Headless 144.0.0.0 (Windows 10): Executed 567 of 799[32m SUCCESS[39m (0 secs / 2.384 secs)
[1A[2KChrome Headless 144.0.0.0 (Windows 10): Executed 568 of 799[32m SUCCESS[39m (0 secs / 2.384 secs)
[1A[2KChrome Headless 144.0.0.0 (Windows 10): Executed 569 of 799[32m SUCCESS[39m (0 secs / 2.385 secs)
[1A[2KChrome Headless 144.0.0.0 (Windows 10): Executed 570 of 799[32m SUCCESS[39m (0 secs / 2.385 secs)
[1A[2KChrome Headless 144.0.0.0 (Windows 10): Executed 571 of 799[32m SUCCESS[39m (0 secs / 2.386 secs)
[1A[2KChrome Headless 144.0.0.0 (Windows 10): Executed 572 of 799[32m SUCCESS[39m (0 secs / 2.387 secs)
[1A[2KChrome Headless 144.0.0.0 (Windows 10): Executed 573 of 799[32m SUCCESS[39m (0 secs / 2.387 secs)
[1A[2KChrome Headless 144.0.0.0 (Windows 10): Executed 574 of 799[32m SUCCESS[39m (0 secs / 2.391 secs)
[1A[2KChrome Headless 144.0.0.0 (Windows 10): Executed 575 of 799[32m SUCCESS[39m (0 secs / 2.392 secs)
[1A[2KChrome Headless 144.0.0.0 (Windows 10): Executed 576 of 799[32m SUCCESS[39m (0 secs / 2.393 secs)
[1A[2KChrome Headless 144.0.0.0 (Windows 10): Executed 577 of 799[32m SUCCESS[39m (0 secs / 2.394 secs)
[1A[2KChrome Headless 144.0.0.0 (Windows 10): Executed 578 of 799[32m SUCCESS[39m (0 secs / 2.394 secs)
[1A[2KChrome Headless 144.0.0.0 (Windows 10): Executed 579 of 799[32m SUCCESS[39m (0 secs / 2.394 secs)
[1A[2KChrome Headless 144.0.0.0 (Windows 10): Executed 580 of 799[32m SUCCESS[39m (0 secs / 2.395 secs)
[1A[2KChrome Headless 144.0.0.0 (Windows 10): Executed 581 of 799[32m SUCCESS[39m (0 secs / 2.395 secs)
[1A[2KChrome Headless 144.0.0.0 (Windows 10): Executed 582 of 799[32m SUCCESS[39m (0 secs / 2.395 secs)
[1A[2KChrome Headless 144.0.0.0 (Windows 10): Executed 583 of 799[32m SUCCESS[39m (0 secs / 2.396 secs)
[1A[2KChrome Headless 144.0.0.0 (Windows 10): Executed 584 of 799[32m SUCCESS[39m (0 secs / 2.396 secs)
[1A[2KChrome Headless 144.0.0.0 (Windows 10): Executed 585 of 799[32m SUCCESS[39m (0 secs / 2.397 secs)
[1A[2KChrome Headless 144.0.0.0 (Windows 10): Executed 586 of 799[32m SUCCESS[39m (0 secs / 2.397 secs)
[1A[2KChrome Headless 144.0.0.0 (Windows 10): Executed 587 of 799[32m SUCCESS[39m (0 secs / 2.398 secs)
[1A[2KChrome Headless 144.0.0.0 (Windows 10): Executed 588 of 799[32m SUCCESS[39m (0 secs / 2.398 secs)
[1A[2KChrome Headless 144.0.0.0 (Windows 10): Executed 589 of 799[32m SUCCESS[39m (0 secs / 2.399 secs)
[1A[2KChrome Headless 144.0.0.0 (Windows 10): Executed 590 of 799[32m SUCCESS[39m (0 secs / 2.399 secs)
[1A[2KChrome Headless 144.0.0.0 (Windows 10): Executed 591 of 799[32m SUCCESS[39m (0 secs / 2.399 secs)
[1A[2KChrome Headless 144.0.0.0 (Windows 10): Executed 592 of 799[32m SUCCESS[39m (0 secs / 2.4 secs)
[1A[2KChrome Headless 144.0.0.0 (Windows 10): Executed 593 of 799[32m SUCCESS[39m (0 secs / 2.4 secs)
[1A[2KChrome Headless 144.0.0.0 (Windows 10): Executed 594 of 799[32m SUCCESS[39m (0 secs / 2.401 secs)
[1A[2KChrome Headless 144.0.0.0 (Windows 10): Executed 595 of 799[32m SUCCESS[39m (0 secs / 2.401 secs)
[1A[2KChrome Headless 144.0.0.0 (Windows 10): Executed 596 of 799[32m SUCCESS[39m (0 secs / 2.402 secs)
[1A[2KChrome Headless 144.0.0.0 (Windows 10): Executed 597 of 799[32m SUCCESS[39m (0 secs / 2.402 secs)
[1A[2KChrome Headless 144.0.0.0 (Windows 10): Executed 598 of 799[32m SUCCESS[39m (0 secs / 2.403 secs)
[1A[2KChrome Headless 144.0.0.0 (Windows 10): Executed 599 of 799[32m SUCCESS[39m (0 secs / 2.403 secs)
[1A[2KChrome Headless 144.0.0.0 (Windows 10): Executed 600 of 799[32m SUCCESS[39m (0 secs / 2.404 secs)
[1A[2KChrome Headless 144.0.0.0 (Windows 10): Executed 601 of 799[32m SUCCESS[39m (0 secs / 2.404 secs)
[1A[2KChrome Headless 144.0.0.0 (Windows 10): Executed 602 of 799[32m SUCCESS[39m (0 secs / 2.405 secs)
[1A[2KChrome Headless 144.0.0.0 (Windows 10): Executed 603 of 799[32m SUCCESS[39m (0 secs / 2.405 secs)
[1A[2KChrome Headless 144.0.0.0 (Windows 10): Executed 604 of 799[32m SUCCESS[39m (0 secs / 2.406 secs)
[1A[2KChrome Headless 144.0.0.0 (Windows 10): Executed 605 of 799[32m SUCCESS[39m (0 secs / 2.406 secs)
[1A[2KChrome Headless 144.0.0.0 (Windows 10): Executed 606 of 799[32m SUCCESS[39m (0 secs / 2.407 secs)
[1A[2KChrome Headless 144.0.0.0 (Windows 10): Executed 607 of 799[32m SUCCESS[39m (0 secs / 2.407 secs)
[1A[2KChrome Headless 144.0.0.0 (Windows 10): Executed 608 of 799[32m SUCCESS[39m (0 secs / 2.407 secs)
[1A[2KChrome Headless 144.0.0.0 (Windows 10): Executed 609 of 799[32m SUCCESS[39m (0 secs / 2.408 secs)
[1A[2KChrome Headless 144.0.0.0 (Windows 10): Executed 610 of 799[32m SUCCESS[39m (0 secs / 2.408 secs)
[1A[2KChrome Headless 144.0.0.0 (Windows 10): Executed 611 of 799[32m SUCCESS[39m (0 secs / 2.409 secs)
[1A[2KChrome Headless 144.0.0.0 (Windows 10): Executed 612 of 799[32m SUCCESS[39m (0 secs / 2.409 secs)
[1A[2KChrome Headless 144.0.0.0 (Windows 10): Executed 613 of 799[32m SUCCESS[39m (0 secs / 2.41 secs)
[1A[2KChrome Headless 144.0.0.0 (Windows 10): Executed 614 of 799[32m SUCCESS[39m (0 secs / 2.41 secs)
[1A[2KChrome Headless 144.0.0.0 (Windows 10): Executed 615 of 799[32m SUCCESS[39m (0 secs / 2.411 secs)
[1A[2KChrome Headless 144.0.0.0 (Windows 10): Executed 616 of 799[32m SUCCESS[39m (0 secs / 2.411 secs)
[1A[2KChrome Headless 144.0.0.0 (Windows 10): Executed 617 of 799[32m SUCCESS[39m (0 secs / 2.412 secs)
[1A[2KChrome Headless 144.0.0.0 (Windows 10): Executed 618 of 799[32m SUCCESS[39m (0 secs / 2.412 secs)
[1A[2KChrome Headless 144.0.0.0 (Windows 10): Executed 619 of 799[32m SUCCESS[39m (0 secs / 2.413 secs)
[1A[2KChrome Headless 144.0.0.0 (Windows 10): Executed 620 of 799[32m SUCCESS[39m (0 secs / 2.414 secs)
[1A[2KChrome Headless 144.0.0.0 (Windows 10): Executed 621 of 799[32m SUCCESS[39m (0 secs / 2.414 secs)
[1A[2KChrome Headless 144.0.0.0 (Windows 10): Executed 622 of 799[32m SUCCESS[39m (0 secs / 2.428 secs)
[1A[2KChrome Headless 144.0.0.0 (Windows 10): Executed 623 of 799[32m SUCCESS[39m (0 secs / 2.432 secs)
[1A[2KChrome Headless 144.0.0.0 (Windows 10): Executed 624 of 799[32m SUCCESS[39m (0 secs / 2.441 secs)
[1A[2KChrome Headless 144.0.0.0 (Windows 10): Executed 625 of 799[32m SUCCESS[39m (0 secs / 2.445 secs)
[1A[2KChrome Headless 144.0.0.0 (Windows 10): Executed 626 of 799[32m SUCCESS[39m (0 secs / 2.45 secs)
[1A[2KChrome Headless 144.0.0.0 (Windows 10): Executed 627 of 799[32m SUCCESS[39m (0 secs / 2.455 secs)
[1A[2KChrome Headless 144.0.0.0 (Windows 10): Executed 628 of 799[32m SUCCESS[39m (0 secs / 2.46 secs)
[1A[2KChrome Headless 144.0.0.0 (Windows 10): Executed 629 of 799[32m SUCCESS[39m (0 secs / 2.464 secs)
[1A[2KChrome Headless 144.0.0.0 (Windows 10): Executed 630 of 799[32m SUCCESS[39m (0 secs / 2.469 secs)
[1A[2KChrome Headless 144.0.0.0 (Windows 10): Executed 631 of 799[32m SUCCESS[39m (0 secs / 2.474 secs)
[1A[2KChrome Headless 144.0.0.0 (Windows 10): Executed 632 of 799[32m SUCCESS[39m (0 secs / 2.479 secs)
[1A[2KChrome Headless 144.0.0.0 (Windows 10): Executed 633 of 799[32m SUCCESS[39m (0 secs / 2.484 secs)
[1A[2KChrome Headless 144.0.0.0 (Windows 10): Executed 634 of 799[32m SUCCESS[39m (0 secs / 2.488 secs)
[1A[2KChrome Headless 144.0.0.0 (Windows 10): Executed 635 of 799[32m SUCCESS[39m (0 secs / 2.493 secs)
[1A[2KChrome Headless 144.0.0.0 (Windows 10): Executed 636 of 799[32m SUCCESS[39m (0 secs / 2.498 secs)
[1A[2KChrome Headless 144.0.0.0 (Windows 10): Executed 637 of 799[32m SUCCESS[39m (0 secs / 2.503 secs)
[1A[2KChrome Headless 144.0.0.0 (Windows 10): Executed 638 of 799[32m SUCCESS[39m (0 secs / 2.508 secs)
[1A[2KChrome Headless 144.0.0.0 (Windows 10): Executed 639 of 799[32m SUCCESS[39m (0 secs / 2.512 secs)
[1A[2KChrome Headless 144.0.0.0 (Windows 10): Executed 640 of 799[32m SUCCESS[39m (0 secs / 2.516 secs)
[1A[2KChrome Headless 144.0.0.0 (Windows 10): Executed 641 of 799[32m SUCCESS[39m (0 secs / 2.519 secs)
[1A[2KChrome Headless 144.0.0.0 (Windows 10): Executed 642 of 799[32m SUCCESS[39m (0 secs / 2.528 secs)
[1A[2KChrome Headless 144.0.0.0 (Windows 10): Executed 643 of 799[32m SUCCESS[39m (0 secs / 2.533 secs)
[1A[2KChrome Headless 144.0.0.0 (Windows 10): Executed 644 of 799[32m SUCCESS[39m (0 secs / 2.537 secs)
[1A[2KChrome Headless 144.0.0.0 (Windows 10): Executed 645 of 799[32m SUCCESS[39m (0 secs / 2.542 secs)
[1A[2KChrome Headless 144.0.0.0 (Windows 10): Executed 646 of 799[32m SUCCESS[39m (0 secs / 2.546 secs)
[1A[2KChrome Headless 144.0.0.0 (Windows 10): Executed 647 of 799[32m SUCCESS[39m (0 secs / 2.55 secs)
[1A[2KChrome Headless 144.0.0.0 (Windows 10): Executed 648 of 799[32m SUCCESS[39m (0 secs / 2.554 secs)
[1A[2KChrome Headless 144.0.0.0 (Windows 10): Executed 649 of 799[32m SUCCESS[39m (0 secs / 2.558 secs)
[1A[2KChrome Headless 144.0.0.0 (Windows 10): Executed 650 of 799[32m SUCCESS[39m (0 secs / 2.563 secs)
[1A[2KChrome Headless 144.0.0.0 (Windows 10): Executed 651 of 799[32m SUCCESS[39m (0 secs / 2.567 secs)
[1A[2KChrome Headless 144.0.0.0 (Windows 10): Executed 652 of 799[32m SUCCESS[39m (0 secs / 2.571 secs)
[1A[2KChrome Headless 144.0.0.0 (Windows 10): Executed 653 of 799[32m SUCCESS[39m (0 secs / 2.574 secs)
[1A[2KChrome Headless 144.0.0.0 (Windows 10): Executed 654 of 799[32m SUCCESS[39m (0 secs / 2.578 secs)
[1A[2KChrome Headless 144.0.0.0 (Windows 10): Executed 655 of 799[32m SUCCESS[39m (0 secs / 2.582 secs)
[1A[2KChrome Headless 144.0.0.0 (Windows 10): Executed 656 of 799[32m SUCCESS[39m (0 secs / 2.587 secs)
[1A[2KChrome Headless 144.0.0.0 (Windows 10): Executed 657 of 799[32m SUCCESS[39m (0 secs / 2.591 secs)
[1A[2KChrome Headless 144.0.0.0 (Windows 10): Executed 658 of 799[32m SUCCESS[39m (0 secs / 2.6 secs)
[1A[2KChrome Headless 144.0.0.0 (Windows 10): Executed 659 of 799[32m SUCCESS[39m (0 secs / 2.604 secs)
[1A[2KChrome Headless 144.0.0.0 (Windows 10): Executed 660 of 799[32m SUCCESS[39m (0 secs / 2.608 secs)
[1A[2KChrome Headless 144.0.0.0 (Windows 10): Executed 661 of 799[32m SUCCESS[39m (0 secs / 2.612 secs)
[1A[2KChrome Headless 144.0.0.0 (Windows 10): Executed 662 of 799[32m SUCCESS[39m (0 secs / 2.616 secs)
[1A[2KChrome Headless 144.0.0.0 (Windows 10): Executed 663 of 799[32m SUCCESS[39m (0 secs / 2.619 secs)
[1A[2KChrome Headless 144.0.0.0 (Windows 10): Executed 664 of 799[32m SUCCESS[39m (0 secs / 2.623 secs)
[1A[2KChrome Headless 144.0.0.0 (Windows 10): Executed 665 of 799[32m SUCCESS[39m (0 secs / 2.627 secs)
[1A[2KChrome Headless 144.0.0.0 (Windows 10): Executed 666 of 799[32m SUCCESS[39m (0 secs / 2.631 secs)
[1A[2KChrome Headless 144.0.0.0 (Windows 10): Executed 667 of 799[32m SUCCESS[39m (0 secs / 2.634 secs)
[1A[2KChrome Headless 144.0.0.0 (Windows 10): Executed 668 of 799[32m SUCCESS[39m (0 secs / 2.638 secs)
[1A[2KChrome Headless 144.0.0.0 (Windows 10): Executed 669 of 799[32m SUCCESS[39m (0 secs / 2.642 secs)
[1A[2KChrome Headless 144.0.0.0 (Windows 10): Executed 670 of 799[32m SUCCESS[39m (0 secs / 2.646 secs)
[1A[2KChrome Headless 144.0.0.0 (Windows 10): Executed 671 of 799[32m SUCCESS[39m (0 secs / 2.65 secs)
[1A[2KChrome Headless 144.0.0.0 (Windows 10): Executed 672 of 799[32m SUCCESS[39m (0 secs / 2.654 secs)
[1A[2KChrome Headless 144.0.0.0 (Windows 10): Executed 673 of 799[32m SUCCESS[39m (0 secs / 2.658 secs)
[1A[2KChrome Headless 144.0.0.0 (Windows 10): Executed 674 of 799[32m SUCCESS[39m (0 secs / 2.661 secs)
[1A[2KChrome Headless 144.0.0.0 (Windows 10): Executed 675 of 799[32m SUCCESS[39m (0 secs / 2.669 secs)
[1A[2KChrome Headless 144.0.0.0 (Windows 10): Executed 676 of 799[32m SUCCESS[39m (0 secs / 2.674 secs)
[1A[2KChrome Headless 144.0.0.0 (Windows 10): Executed 677 of 799[32m SUCCESS[39m (0 secs / 2.678 secs)
[1A[2KChrome Headless 144.0.0.0 (Windows 10): Executed 678 of 799[32m SUCCESS[39m (0 secs / 2.681 secs)
[1A[2KChrome Headless 144.0.0.0 (Windows 10): Executed 679 of 799[32m SUCCESS[39m (0 secs / 2.684 secs)
[1A[2KChrome Headless 144.0.0.0 (Windows 10): Executed 680 of 799[32m SUCCESS[39m (0 secs / 2.688 secs)
[1A[2KChrome Headless 144.0.0.0 (Windows 10): Executed 681 of 799[32m SUCCESS[39m (0 secs / 2.692 secs)
[1A[2KChrome Headless 144.0.0.0 (Windows 10): Executed 682 of 799[32m SUCCESS[39m (0 secs / 2.696 secs)
[1A[2KChrome Headless 144.0.0.0 (Windows 10): Executed 683 of 799[32m SUCCESS[39m (0 secs / 2.7 secs)
[1A[2KChrome Headless 144.0.0.0 (Windows 10): Executed 684 of 799[32m SUCCESS[39m (0 secs / 2.703 secs)
[1A[2KChrome Headless 144.0.0.0 (Windows 10): Executed 685 of 799[32m SUCCESS[39m (0 secs / 2.707 secs)
[1A[2KChrome Headless 144.0.0.0 (Windows 10): Executed 686 of 799[32m SUCCESS[39m (0 secs / 2.711 secs)
[1A[2KChrome Headless 144.0.0.0 (Windows 10): Executed 687 of 799[32m SUCCESS[39m (0 secs / 2.715 secs)
[1A[2KChrome Headless 144.0.0.0 (Windows 10): Executed 688 of 799[32m SUCCESS[39m (0 secs / 2.719 secs)
[1A[2KChrome Headless 144.0.0.0 (Windows 10): Executed 689 of 799[32m SUCCESS[39m (0 secs / 2.723 secs)
[1A[2KChrome Headless 144.0.0.0 (Windows 10): Executed 690 of 799[32m SUCCESS[39m (0 secs / 2.725 secs)
[1A[2KChrome Headless 144.0.0.0 (Windows 10): Executed 691 of 799[32m SUCCESS[39m (0 secs / 2.726 secs)
[1A[2K[31mChrome Headless 144.0.0.0 (Windows 10) OpenSettingsUpdatesComponent should reset lastCheckResult before check FAILED[39m
	TypeError: ctx.updateService.lastChecked is not a function
	    at OpenSettingsUpdatesComponent2_Template (ng:///OpenSettingsUpdatesComponent2.js:198:61)
	    at executeTemplate (node_modules/@angular/core/fesm2022/_debug_node-chunk.mjs:4848:5)
	    at refreshView (node_modules/@angular/core/fesm2022/_debug_node-chunk.mjs:5518:7)
	    at detectChangesInView (node_modules/@angular/core/fesm2022/_debug_node-chunk.mjs:5658:5)
	    at detectChangesInViewIfAttached (node_modules/@angular/core/fesm2022/_debug_node-chunk.mjs:5641:3)
	    at detectChangesInComponent (node_modules/@angular/core/fesm2022/_debug_node-chunk.mjs:5632:5)
	    at detectChangesInChildComponents (node_modules/@angular/core/fesm2022/_debug_node-chunk.mjs:5680:5)
	    at refreshView (node_modules/@angular/core/fesm2022/_debug_node-chunk.mjs:5560:7)
	    at detectChangesInView (node_modules/@angular/core/fesm2022/_debug_node-chunk.mjs:5658:5)
	    at detectChangesInViewWhileDirty (node_modules/@angular/core/fesm2022/_debug_node-chunk.mjs:5467:5)
Chrome Headless 144.0.0.0 (Windows 10): Executed 692 of 799[31m (1 FAILED)[39m (0 secs / 2.914 secs)
[1A[2K[31mChrome Headless 144.0.0.0 (Windows 10) OpenSettingsUpdatesComponent should toggle auto check FAILED[39m
	TypeError: ctx.updateService.lastChecked is not a function
	    at OpenSettingsUpdatesComponent2_Template (ng:///OpenSettingsUpdatesComponent2.js:198:61)
	    at executeTemplate (node_modules/@angular/core/fesm2022/_debug_node-chunk.mjs:4848:5)
	    at refreshView (node_modules/@angular/core/fesm2022/_debug_node-chunk.mjs:5518:7)
	    at detectChangesInView (node_modules/@angular/core/fesm2022/_debug_node-chunk.mjs:5658:5)
	    at detectChangesInViewIfAttached (node_modules/@angular/core/fesm2022/_debug_node-chunk.mjs:5641:3)
	    at detectChangesInComponent (node_modules/@angular/core/fesm2022/_debug_node-chunk.mjs:5632:5)
	    at detectChangesInChildComponents (node_modules/@angular/core/fesm2022/_debug_node-chunk.mjs:5680:5)
	    at refreshView (node_modules/@angular/core/fesm2022/_debug_node-chunk.mjs:5560:7)
	    at detectChangesInView (node_modules/@angular/core/fesm2022/_debug_node-chunk.mjs:5658:5)
	    at detectChangesInViewWhileDirty (node_modules/@angular/core/fesm2022/_debug_node-chunk.mjs:5467:5)
Chrome Headless 144.0.0.0 (Windows 10): Executed 693 of 799[31m (2 FAILED)[39m (0 secs / 2.919 secs)
[1A[2K[31mChrome Headless 144.0.0.0 (Windows 10) OpenSettingsUpdatesComponent should call checkNow FAILED[39m
	TypeError: ctx.updateService.lastChecked is not a function
	    at OpenSettingsUpdatesComponent2_Template (ng:///OpenSettingsUpdatesComponent2.js:198:61)
	    at executeTemplate (node_modules/@angular/core/fesm2022/_debug_node-chunk.mjs:4848:5)
	    at refreshView (node_modules/@angular/core/fesm2022/_debug_node-chunk.mjs:5518:7)
	    at detectChangesInView (node_modules/@angular/core/fesm2022/_debug_node-chunk.mjs:5658:5)
	    at detectChangesInViewIfAttached (node_modules/@angular/core/fesm2022/_debug_node-chunk.mjs:5641:3)
	    at detectChangesInComponent (node_modules/@angular/core/fesm2022/_debug_node-chunk.mjs:5632:5)
	    at detectChangesInChildComponents (node_modules/@angular/core/fesm2022/_debug_node-chunk.mjs:5680:5)
	    at refreshView (node_modules/@angular/core/fesm2022/_debug_node-chunk.mjs:5560:7)
	    at detectChangesInView (node_modules/@angular/core/fesm2022/_debug_node-chunk.mjs:5658:5)
	    at detectChangesInViewWhileDirty (node_modules/@angular/core/fesm2022/_debug_node-chunk.mjs:5467:5)
Chrome Headless 144.0.0.0 (Windows 10): Executed 694 of 799[31m (3 FAILED)[39m (0 secs / 2.923 secs)
[1A[2K[31mChrome Headless 144.0.0.0 (Windows 10) OpenSettingsUpdatesComponent should create FAILED[39m
	TypeError: ctx.updateService.lastChecked is not a function
	    at OpenSettingsUpdatesComponent2_Template (ng:///OpenSettingsUpdatesComponent2.js:198:61)
	    at executeTemplate (node_modules/@angular/core/fesm2022/_debug_node-chunk.mjs:4848:5)
	    at refreshView (node_modules/@angular/core/fesm2022/_debug_node-chunk.mjs:5518:7)
	    at detectChangesInView (node_modules/@angular/core/fesm2022/_debug_node-chunk.mjs:5658:5)
	    at detectChangesInViewIfAttached (node_modules/@angular/core/fesm2022/_debug_node-chunk.mjs:5641:3)
	    at detectChangesInComponent (node_modules/@angular/core/fesm2022/_debug_node-chunk.mjs:5632:5)
	    at detectChangesInChildComponents (node_modules/@angular/core/fesm2022/_debug_node-chunk.mjs:5680:5)
	    at refreshView (node_modules/@angular/core/fesm2022/_debug_node-chunk.mjs:5560:7)
	    at detectChangesInView (node_modules/@angular/core/fesm2022/_debug_node-chunk.mjs:5658:5)
	    at detectChangesInViewWhileDirty (node_modules/@angular/core/fesm2022/_debug_node-chunk.mjs:5467:5)
Chrome Headless 144.0.0.0 (Windows 10): Executed 695 of 799[31m (4 FAILED)[39m (0 secs / 2.935 secs)
[1A[2K[31mChrome Headless 144.0.0.0 (Windows 10) OpenSettingsUpdatesComponent should fetch current version on init FAILED[39m
	TypeError: ctx.updateService.lastChecked is not a function
	    at OpenSettingsUpdatesComponent2_Template (ng:///OpenSettingsUpdatesComponent2.js:198:61)
	    at executeTemplate (node_modules/@angular/core/fesm2022/_debug_node-chunk.mjs:4848:5)
	    at refreshView (node_modules/@angular/core/fesm2022/_debug_node-chunk.mjs:5518:7)
	    at detectChangesInView (node_modules/@angular/core/fesm2022/_debug_node-chunk.mjs:5658:5)
	    at detectChangesInViewIfAttached (node_modules/@angular/core/fesm2022/_debug_node-chunk.mjs:5641:3)
	    at detectChangesInComponent (node_modules/@angular/core/fesm2022/_debug_node-chunk.mjs:5632:5)
	    at detectChangesInChildComponents (node_modules/@angular/core/fesm2022/_debug_node-chunk.mjs:5680:5)
	    at refreshView (node_modules/@angular/core/fesm2022/_debug_node-chunk.mjs:5560:7)
	    at detectChangesInView (node_modules/@angular/core/fesm2022/_debug_node-chunk.mjs:5658:5)
	    at detectChangesInViewWhileDirty (node_modules/@angular/core/fesm2022/_debug_node-chunk.mjs:5467:5)
Chrome Headless 144.0.0.0 (Windows 10): Executed 696 of 799[31m (5 FAILED)[39m (0 secs / 2.939 secs)
[1A[2K[31mChrome Headless 144.0.0.0 (Windows 10) OpenSettingsUpdatesComponent should set lastCheckResult after checkNow FAILED[39m
	TypeError: ctx.updateService.lastChecked is not a function
	    at OpenSettingsUpdatesComponent2_Template (ng:///OpenSettingsUpdatesComponent2.js:198:61)
	    at executeTemplate (node_modules/@angular/core/fesm2022/_debug_node-chunk.mjs:4848:5)
	    at refreshView (node_modules/@angular/core/fesm2022/_debug_node-chunk.mjs:5518:7)
	    at detectChangesInView (node_modules/@angular/core/fesm2022/_debug_node-chunk.mjs:5658:5)
	    at detectChangesInViewIfAttached (node_modules/@angular/core/fesm2022/_debug_node-chunk.mjs:5641:3)
	    at detectChangesInComponent (node_modules/@angular/core/fesm2022/_debug_node-chunk.mjs:5632:5)
	    at detectChangesInChildComponents (node_modules/@angular/core/fesm2022/_debug_node-chunk.mjs:5680:5)
	    at refreshView (node_modules/@angular/core/fesm2022/_debug_node-chunk.mjs:5560:7)
	    at detectChangesInView (node_modules/@angular/core/fesm2022/_debug_node-chunk.mjs:5658:5)
	    at detectChangesInViewWhileDirty (node_modules/@angular/core/fesm2022/_debug_node-chunk.mjs:5467:5)
Chrome Headless 144.0.0.0 (Windows 10): Executed 697 of 799[31m (6 FAILED)[39m (0 secs / 2.943 secs)
[1A[2K[31mChrome Headless 144.0.0.0 (Windows 10) OpenSettingsUpdatesComponent should fetch release notes for current version FAILED[39m
	TypeError: ctx.updateService.lastChecked is not a function
	    at OpenSettingsUpdatesComponent2_Template (ng:///OpenSettingsUpdatesComponent2.js:198:61)
	    at executeTemplate (node_modules/@angular/core/fesm2022/_debug_node-chunk.mjs:4848:5)
	    at refreshView (node_modules/@angular/core/fesm2022/_debug_node-chunk.mjs:5518:7)
	    at detectChangesInView (node_modules/@angular/core/fesm2022/_debug_node-chunk.mjs:5658:5)
	    at detectChangesInViewIfAttached (node_modules/@angular/core/fesm2022/_debug_node-chunk.mjs:5641:3)
	    at detectChangesInComponent (node_modules/@angular/core/fesm2022/_debug_node-chunk.mjs:5632:5)
	    at detectChangesInChildComponents (node_modules/@angular/core/fesm2022/_debug_node-chunk.mjs:5680:5)
	    at refreshView (node_modules/@angular/core/fesm2022/_debug_node-chunk.mjs:5560:7)
	    at detectChangesInView (node_modules/@angular/core/fesm2022/_debug_node-chunk.mjs:5658:5)
	    at detectChangesInViewWhileDirty (node_modules/@angular/core/fesm2022/_debug_node-chunk.mjs:5467:5)
Chrome Headless 144.0.0.0 (Windows 10): Executed 698 of 799[31m (7 FAILED)[39m (0 secs / 2.947 secs)
[1A[2K[31mChrome Headless 144.0.0.0 (Windows 10) OpenSettingsUpdatesComponent should handle version already starting with v FAILED[39m
	TypeError: ctx.updateService.lastChecked is not a function
	    at OpenSettingsUpdatesComponent2_Template (ng:///OpenSettingsUpdatesComponent2.js:198:61)
	    at executeTemplate (node_modules/@angular/core/fesm2022/_debug_node-chunk.mjs:4848:5)
	    at refreshView (node_modules/@angular/core/fesm2022/_debug_node-chunk.mjs:5518:7)
	    at detectChangesInView (node_modules/@angular/core/fesm2022/_debug_node-chunk.mjs:5658:5)
	    at detectChangesInViewIfAttached (node_modules/@angular/core/fesm2022/_debug_node-chunk.mjs:5641:3)
	    at detectChangesInComponent (node_modules/@angular/core/fesm2022/_debug_node-chunk.mjs:5632:5)
	    at detectChangesInChildComponents (node_modules/@angular/core/fesm2022/_debug_node-chunk.mjs:5680:5)
	    at refreshView (node_modules/@angular/core/fesm2022/_debug_node-chunk.mjs:5560:7)
	    at detectChangesInView (node_modules/@angular/core/fesm2022/_debug_node-chunk.mjs:5658:5)
	    at detectChangesInViewWhileDirty (node_modules/@angular/core/fesm2022/_debug_node-chunk.mjs:5467:5)
Chrome Headless 144.0.0.0 (Windows 10): Executed 699 of 799[31m (8 FAILED)[39m (0 secs / 2.951 secs)
[1A[2KChrome Headless 144.0.0.0 (Windows 10): Executed 700 of 799[31m (8 FAILED)[39m (0 secs / 2.952 secs)
[1A[2KChrome Headless 144.0.0.0 (Windows 10): Executed 701 of 799[31m (8 FAILED)[39m (0 secs / 2.953 secs)
[1A[2KChrome Headless 144.0.0.0 (Windows 10): Executed 702 of 799[31m (8 FAILED)[39m (0 secs / 2.954 secs)
[1A[2KChrome Headless 144.0.0.0 (Windows 10): Executed 703 of 799[31m (8 FAILED)[39m (0 secs / 2.954 secs)
[1A[2KChrome Headless 144.0.0.0 (Windows 10): Executed 704 of 799[31m (8 FAILED)[39m (0 secs / 2.955 secs)
[1A[2KChrome Headless 144.0.0.0 (Windows 10): Executed 705 of 799[31m (8 FAILED)[39m (0 secs / 2.955 secs)
[1A[2KChrome Headless 144.0.0.0 (Windows 10): Executed 706 of 799[31m (8 FAILED)[39m (0 secs / 2.962 secs)
[1A[2KChrome Headless 144.0.0.0 (Windows 10): Executed 707 of 799[31m (8 FAILED)[39m (0 secs / 2.963 secs)
[1A[2KChrome Headless 144.0.0.0 (Windows 10): Executed 708 of 799[31m (8 FAILED)[39m (0 secs / 2.964 secs)
[1A[2KChrome Headless 144.0.0.0 (Windows 10): Executed 709 of 799[31m (8 FAILED)[39m (0 secs / 2.965 secs)
[1A[2KChrome Headless 144.0.0.0 (Windows 10): Executed 710 of 799[31m (8 FAILED)[39m (0 secs / 2.967 secs)
[1A[2KChrome Headless 144.0.0.0 (Windows 10): Executed 711 of 799[31m (8 FAILED)[39m (0 secs / 2.968 secs)
[1A[2KChrome Headless 144.0.0.0 (Windows 10): Executed 712 of 799[31m (8 FAILED)[39m (0 secs / 2.969 secs)
[1A[2KChrome Headless 144.0.0.0 (Windows 10): Executed 713 of 799[31m (8 FAILED)[39m (0 secs / 2.97 secs)
[1A[2KChrome Headless 144.0.0.0 (Windows 10): Executed 714 of 799[31m (8 FAILED)[39m (0 secs / 2.971 secs)
[1A[2KChrome Headless 144.0.0.0 (Windows 10): Executed 715 of 799[31m (8 FAILED)[39m (0 secs / 2.972 secs)
[1A[2KChrome Headless 144.0.0.0 (Windows 10): Executed 716 of 799[31m (8 FAILED)[39m (0 secs / 2.976 secs)
[1A[2KChrome Headless 144.0.0.0 (Windows 10): Executed 717 of 799[31m (8 FAILED)[39m (0 secs / 2.978 secs)
[1A[2KChrome Headless 144.0.0.0 (Windows 10): Executed 718 of 799[31m (8 FAILED)[39m (0 secs / 2.979 secs)
[1A[2KChrome Headless 144.0.0.0 (Windows 10): Executed 719 of 799[31m (8 FAILED)[39m (0 secs / 2.981 secs)
[1A[2KChrome Headless 144.0.0.0 (Windows 10): Executed 720 of 799[31m (8 FAILED)[39m (0 secs / 2.982 secs)
[1A[2KChrome Headless 144.0.0.0 (Windows 10): Executed 721 of 799[31m (8 FAILED)[39m (0 secs / 2.983 secs)
[1A[2KChrome Headless 144.0.0.0 (Windows 10): Executed 722 of 799[31m (8 FAILED)[39m (0 secs / 2.984 secs)
[1A[2KChrome Headless 144.0.0.0 (Windows 10): Executed 723 of 799[31m (8 FAILED)[39m (0 secs / 2.985 secs)
[1A[2KChrome Headless 144.0.0.0 (Windows 10): Executed 724 of 799[31m (8 FAILED)[39m (0 secs / 2.986 secs)
[1A[2KChrome Headless 144.0.0.0 (Windows 10): Executed 725 of 799[31m (8 FAILED)[39m (0 secs / 2.987 secs)
[1A[2KChrome Headless 144.0.0.0 (Windows 10): Executed 726 of 799[31m (8 FAILED)[39m (0 secs / 2.988 secs)
[1A[2KChrome Headless 144.0.0.0 (Windows 10): Executed 727 of 799[31m (8 FAILED)[39m (0 secs / 2.989 secs)
[1A[2KChrome Headless 144.0.0.0 (Windows 10): Executed 728 of 799[31m (8 FAILED)[39m (0 secs / 2.994 secs)
[1A[2KChrome Headless 144.0.0.0 (Windows 10): Executed 729 of 799[31m (8 FAILED)[39m (0 secs / 3 secs)
[1A[2KChrome Headless 144.0.0.0 (Windows 10): Executed 730 of 799[31m (8 FAILED)[39m (0 secs / 3.005 secs)
[1A[2KChrome Headless 144.0.0.0 (Windows 10): Executed 731 of 799[31m (8 FAILED)[39m (0 secs / 3.01 secs)
[1A[2KChrome Headless 144.0.0.0 (Windows 10): Executed 732 of 799[31m (8 FAILED)[39m (0 secs / 3.015 secs)
[1A[2KChrome Headless 144.0.0.0 (Windows 10): Executed 733 of 799[31m (8 FAILED)[39m (0 secs / 3.019 secs)
[1A[2KChrome Headless 144.0.0.0 (Windows 10): Executed 734 of 799[31m (8 FAILED)[39m (0 secs / 3.02 secs)
[1A[2KChrome Headless 144.0.0.0 (Windows 10): Executed 735 of 799[31m (8 FAILED)[39m (0 secs / 3.023 secs)
[1A[2KChrome Headless 144.0.0.0 (Windows 10): Executed 736 of 799[31m (8 FAILED)[39m (0 secs / 3.024 secs)
[1A[2KChrome Headless 144.0.0.0 (Windows 10): Executed 737 of 799[31m (8 FAILED)[39m (0 secs / 3.027 secs)
[1A[2KChrome Headless 144.0.0.0 (Windows 10): Executed 738 of 799[31m (8 FAILED)[39m (0 secs / 3.057 secs)
[1A[2KChrome Headless 144.0.0.0 (Windows 10): Executed 739 of 799[31m (8 FAILED)[39m (0 secs / 3.095 secs)
[1A[2KChrome Headless 144.0.0.0 (Windows 10): Executed 740 of 799[31m (8 FAILED)[39m (0 secs / 3.124 secs)
[1A[2KChrome Headless 144.0.0.0 (Windows 10): Executed 741 of 799[31m (8 FAILED)[39m (0 secs / 3.154 secs)
[1A[2KChrome Headless 144.0.0.0 (Windows 10): Executed 742 of 799[31m (8 FAILED)[39m (0 secs / 3.181 secs)
[1A[2KChrome Headless 144.0.0.0 (Windows 10): Executed 743 of 799[31m (8 FAILED)[39m (0 secs / 3.209 secs)
[1A[2KChrome Headless 144.0.0.0 (Windows 10): Executed 744 of 799[31m (8 FAILED)[39m (0 secs / 3.238 secs)
[1A[2KChrome Headless 144.0.0.0 (Windows 10): Executed 745 of 799[31m (8 FAILED)[39m (0 secs / 3.265 secs)
[1A[2KChrome Headless 144.0.0.0 (Windows 10): Executed 746 of 799[31m (8 FAILED)[39m (0 secs / 3.292 secs)
[1A[2KChrome Headless 144.0.0.0 (Windows 10): Executed 747 of 799[31m (8 FAILED)[39m (0 secs / 3.317 secs)
[1A[2KChrome Headless 144.0.0.0 (Windows 10): Executed 748 of 799[31m (8 FAILED)[39m (0 secs / 3.344 secs)
[1A[2KChrome Headless 144.0.0.0 (Windows 10): Executed 749 of 799[31m (8 FAILED)[39m (0 secs / 3.372 secs)
[1A[2KChrome Headless 144.0.0.0 (Windows 10): Executed 750 of 799[31m (8 FAILED)[39m (0 secs / 3.407 secs)
[1A[2KChrome Headless 144.0.0.0 (Windows 10): Executed 751 of 799[31m (8 FAILED)[39m (0 secs / 3.439 secs)
[1A[2KChrome Headless 144.0.0.0 (Windows 10): Executed 752 of 799[31m (8 FAILED)[39m (0 secs / 3.467 secs)
[1A[2KChrome Headless 144.0.0.0 (Windows 10): Executed 753 of 799[31m (8 FAILED)[39m (0 secs / 3.492 secs)
[1A[2KChrome Headless 144.0.0.0 (Windows 10): Executed 754 of 799[31m (8 FAILED)[39m (0 secs / 3.519 secs)
[1A[2KChrome Headless 144.0.0.0 (Windows 10): Executed 755 of 799[31m (8 FAILED)[39m (0 secs / 3.546 secs)
[1A[2KChrome Headless 144.0.0.0 (Windows 10): Executed 756 of 799[31m (8 FAILED)[39m (0 secs / 3.573 secs)
[1A[2KChrome Headless 144.0.0.0 (Windows 10): Executed 757 of 799[31m (8 FAILED)[39m (0 secs / 3.622 secs)
[1A[2KChrome Headless 144.0.0.0 (Windows 10): Executed 758 of 799[31m (8 FAILED)[39m (0 secs / 3.648 secs)
[1A[2KChrome Headless 144.0.0.0 (Windows 10): Executed 759 of 799[31m (8 FAILED)[39m (0 secs / 3.676 secs)
[1A[2KChrome Headless 144.0.0.0 (Windows 10): Executed 760 of 799[31m (8 FAILED)[39m (0 secs / 3.703 secs)
[1A[2KChrome Headless 144.0.0.0 (Windows 10): Executed 761 of 799[31m (8 FAILED)[39m (0 secs / 3.733 secs)
[1A[2KChrome Headless 144.0.0.0 (Windows 10): Executed 762 of 799[31m (8 FAILED)[39m (0 secs / 3.764 secs)
[1A[2KChrome Headless 144.0.0.0 (Windows 10): Executed 763 of 799[31m (8 FAILED)[39m (0 secs / 3.79 secs)
[1A[2KChrome Headless 144.0.0.0 (Windows 10): Executed 764 of 799[31m (8 FAILED)[39m (0 secs / 3.818 secs)
[1A[2KChrome Headless 144.0.0.0 (Windows 10): Executed 765 of 799[31m (8 FAILED)[39m (0 secs / 3.848 secs)
[1A[2KChrome Headless 144.0.0.0 (Windows 10): Executed 766 of 799[31m (8 FAILED)[39m (0 secs / 3.873 secs)
[1A[2KChrome Headless 144.0.0.0 (Windows 10): Executed 767 of 799[31m (8 FAILED)[39m (0 secs / 3.902 secs)
[1A[2KChrome Headless 144.0.0.0 (Windows 10): Executed 768 of 799[31m (8 FAILED)[39m (0 secs / 3.929 secs)
[1A[2KChrome Headless 144.0.0.0 (Windows 10): Executed 769 of 799[31m (8 FAILED)[39m (0 secs / 3.954 secs)
[1A[2KChrome Headless 144.0.0.0 (Windows 10): Executed 770 of 799[31m (8 FAILED)[39m (0 secs / 3.982 secs)
[1A[2KChrome Headless 144.0.0.0 (Windows 10): Executed 771 of 799[31m (8 FAILED)[39m (0 secs / 4.008 secs)
[1A[2KChrome Headless 144.0.0.0 (Windows 10): Executed 772 of 799[31m (8 FAILED)[39m (0 secs / 4.036 secs)
[1A[2KChrome Headless 144.0.0.0 (Windows 10): Executed 773 of 799[31m (8 FAILED)[39m (0 secs / 4.065 secs)
[1A[2KChrome Headless 144.0.0.0 (Windows 10): Executed 774 of 799[31m (8 FAILED)[39m (0 secs / 4.091 secs)
[1A[2KChrome Headless 144.0.0.0 (Windows 10): Executed 775 of 799[31m (8 FAILED)[39m (0 secs / 4.117 secs)
[1A[2KChrome Headless 144.0.0.0 (Windows 10): Executed 776 of 799[31m (8 FAILED)[39m (0 secs / 4.145 secs)
[1A[2KChrome Headless 144.0.0.0 (Windows 10): Executed 777 of 799[31m (8 FAILED)[39m (0 secs / 4.172 secs)
[1A[2KChrome Headless 144.0.0.0 (Windows 10): Executed 778 of 799[31m (8 FAILED)[39m (0 secs / 4.201 secs)
[1A[2KChrome Headless 144.0.0.0 (Windows 10): Executed 779 of 799[31m (8 FAILED)[39m (0 secs / 4.23 secs)
[1A[2KChrome Headless 144.0.0.0 (Windows 10): Executed 780 of 799[31m (8 FAILED)[39m (0 secs / 4.257 secs)
[1A[2KChrome Headless 144.0.0.0 (Windows 10): Executed 781 of 799[31m (8 FAILED)[39m (0 secs / 4.283 secs)
[1A[2KChrome Headless 144.0.0.0 (Windows 10): Executed 782 of 799[31m (8 FAILED)[39m (0 secs / 4.309 secs)
[1A[2KChrome Headless 144.0.0.0 (Windows 10): Executed 783 of 799[31m (8 FAILED)[39m (0 secs / 4.336 secs)
[1A[2KChrome Headless 144.0.0.0 (Windows 10): Executed 784 of 799[31m (8 FAILED)[39m (0 secs / 4.366 secs)
[1A[2KWARN: [36m'Spec 'OpenCalendar isWeekComplete and isWeekOver edge cases should return true when worked equals planned' has no expectations.'[39m
Chrome Headless 144.0.0.0 (Windows 10): Executed 784 of 799[31m (8 FAILED)[39m (0 secs / 4.366 secs)
WARN: 'Spec 'OpenCalendar isWeekComplete and isWeekOver edge cases should return true when worked equals planned' has no expectations.'
[1A[2KChrome Headless 144.0.0.0 (Windows 10): Executed 785 of 799[31m (8 FAILED)[39m (0 secs / 4.393 secs)
[1A[2KChrome Headless 144.0.0.0 (Windows 10): Executed 786 of 799[31m (8 FAILED)[39m (0 secs / 4.421 secs)
[1A[2KChrome Headless 144.0.0.0 (Windows 10): Executed 787 of 799[31m (8 FAILED)[39m (0 secs / 4.449 secs)
[1A[2KChrome Headless 144.0.0.0 (Windows 10): Executed 788 of 799[31m (8 FAILED)[39m (0 secs / 4.475 secs)
[1A[2KChrome Headless 144.0.0.0 (Windows 10): Executed 789 of 799[31m (8 FAILED)[39m (0 secs / 4.504 secs)
[1A[2KChrome Headless 144.0.0.0 (Windows 10): Executed 790 of 799[31m (8 FAILED)[39m (0 secs / 4.532 secs)
[1A[2KChrome Headless 144.0.0.0 (Windows 10): Executed 791 of 799[31m (8 FAILED)[39m (0 secs / 4.558 secs)
[1A[2KChrome Headless 144.0.0.0 (Windows 10): Executed 792 of 799[31m (8 FAILED)[39m (0 secs / 4.586 secs)
[1A[2KChrome Headless 144.0.0.0 (Windows 10): Executed 793 of 799[31m (8 FAILED)[39m (0 secs / 4.611 secs)
[1A[2KChrome Headless 144.0.0.0 (Windows 10): Executed 794 of 799[31m (8 FAILED)[39m (0 secs / 4.639 secs)
[1A[2KChrome Headless 144.0.0.0 (Windows 10): Executed 795 of 799[31m (8 FAILED)[39m (0 secs / 4.666 secs)
[1A[2KChrome Headless 144.0.0.0 (Windows 10): Executed 796 of 799[31m (8 FAILED)[39m (0 secs / 4.692 secs)
[1A[2KChrome Headless 144.0.0.0 (Windows 10): Executed 797 of 799[31m (8 FAILED)[39m (0 secs / 4.719 secs)
[1A[2KChrome Headless 144.0.0.0 (Windows 10): Executed 798 of 799[31m (8 FAILED)[39m (0 secs / 4.746 secs)
[1A[2K[31mChrome Headless 144.0.0.0 (Windows 10) OpenSettingsUpdatesComponent without release notes should handle null release notes gracefully FAILED[39m
	TypeError: ctx.updateService.lastChecked is not a function
	    at OpenSettingsUpdatesComponent2_Template (ng:///OpenSettingsUpdatesComponent2.js:198:61)
	    at executeTemplate (node_modules/@angular/core/fesm2022/_debug_node-chunk.mjs:4848:5)
	    at refreshView (node_modules/@angular/core/fesm2022/_debug_node-chunk.mjs:5518:7)
	    at detectChangesInView (node_modules/@angular/core/fesm2022/_debug_node-chunk.mjs:5658:5)
	    at detectChangesInViewIfAttached (node_modules/@angular/core/fesm2022/_debug_node-chunk.mjs:5641:3)
	    at detectChangesInComponent (node_modules/@angular/core/fesm2022/_debug_node-chunk.mjs:5632:5)
	    at detectChangesInChildComponents (node_modules/@angular/core/fesm2022/_debug_node-chunk.mjs:5680:5)
	    at refreshView (node_modules/@angular/core/fesm2022/_debug_node-chunk.mjs:5560:7)
	    at detectChangesInView (node_modules/@angular/core/fesm2022/_debug_node-chunk.mjs:5658:5)
	    at detectChangesInViewWhileDirty (node_modules/@angular/core/fesm2022/_debug_node-chunk.mjs:5467:5)
Chrome Headless 144.0.0.0 (Windows 10): Executed 799 of 799[31m (9 FAILED)[39m (0 secs / 4.751 secs)
[1A[2KChrome Headless 144.0.0.0 (Windows 10): Executed 799 of 799[31m (9 FAILED)[39m (5.27 secs / 4.751 secs)
[31mTOTAL: 9 FAILED, 790 SUCCESS[39m
